Microchip MPLAB XC8 Compiler V2.10 ()

Linker command line:

-W-3 --edf=C:\Program Files (x86)\Microchip\xc8\v2.10\pic\dat\en_msgs.txt \
  -cs -h+dist/default/production\GreenHouseProjectTest.X.production.sym \
  --cmf=dist/default/production\GreenHouseProjectTest.X.production.cmf -z \
  -Q16F877A -oC:\Users\scowt\AppData\Local\Temp\sed8.2 \
  --defsym=__MPLAB_BUILD=1 \
  -Mdist/default/production/GreenHouseProjectTest.X.production.map -E1 \
  -ver=XC8 --acfsm=1493 -ASTACK=0110h-016Fh -pstack=STACK \
  -ACODE=00h-07FFhx4 -ASTRCODE=00h-01FFFh -ASTRING=00h-0FFhx32 \
  -ACONST=00h-0FFhx32 -AENTRY=00h-0FFhx32 -ACOMMON=070h-07Fh \
  -ABANK0=020h-06Fh -ABANK1=0A0h-0EFh -ABANK2=0110h-016Fh \
  -ABANK3=0190h-01EFh -ARAM=020h-06Fh,0A0h-0EFh,0110h-016Fh,0190h-01EFh \
  -AABS1=020h-07Fh,0A0h-0EFh,0110h-016Fh,0190h-01EFh -ASFR0=00h-01Fh \
  -ASFR1=080h-09Fh -ASFR2=0100h-010Fh -ASFR3=0180h-018Fh \
  -preset_vec=00h,intentry,init,end_init -ppowerup=CODE -pcinit=CODE \
  -pfunctab=ENTRY -ACONFIG=02007h-02007h -pconfig=CONFIG -DCONFIG=2 \
  -AIDLOC=02000h-02003h -pidloc=IDLOC -DIDLOC=2 -AEEDATA=00h-0FFh/02100h \
  -peeprom_data=EEDATA -DEEDATA=2 -DCODE=2 -DSTRCODE=2 -DSTRING=2 -DCONST=2 \
  -DENTRY=2 -k C:\Users\scowt\AppData\Local\Temp\sed8.o \
  dist/default/production\GreenHouseProjectTest.X.production.o 

Object code version is 3.11

Machine type is 16F877A



                Name                               Link     Load   Length Selector   Space Scale
C:\Users\scowt\AppData\Local\Temp\sed8.o
                end_init                              0        0        3        0       0
                config                             2007     2007        1     400E       0
dist/default/production\GreenHouseProjectTest.X.production.o
                cinit                               7E0      7E0       20      FC0       0
                text40                             11D8     11D8       14     23B0       0
                text39                             1228     1228       17     2450       0
                text38                             15ED     15ED       67     2BDA       0
                text37                             11EC     11EC       14     23D8       0
                text36                             154B     154B       4B     2A96       0
                text35                             11B7     11B7       10     236E       0
                text34                             12FB     12FB       24     25F6       0
                text33                             131F     131F       26     263E       0
                text32                             1345     1345       28     268A       0
                text31                              8A0      8A0      157     1140       0
                text30                             1199     1199        F     2332       0
                text29                             123F     123F       17     247E       0
                text28                              385      385      45B      70A       0
                text27                             1654     1654       A5     2CA8       0
                text26                              803      803       9D     1006       0
                text25                                D        D       79       1A       0
                text24                             1273     1273       21     24E6       0
                text23                             11A8     11A8        F     2350       0
                text22                             1294     1294       21     2528       0
                text21                             12B5     12B5       23     256A       0
                text20                             14C6     14C6       3C     298C       0
                text19                             13F6     13F6       32     27EC       0
                text18                             1200     1200       14     2400       0
                text17                             118B     118B        E     2316       0
                text16                             1428     1428       34     2850       0
                text15                             145C     145C       34     28B8       0
                text14                             1490     1490       36     2920       0
                text13                             16F9     16F9      107     2DF2       0
                text12                             13C6     13C6       30     278C       0
                text11                             136D     136D       2C     26DA       0
                text10                             117B     117B        8     22F6       0
                text9                              1176     1176        5     22EC       0
                text8                              1214     1214       14     2428       0
                text7                              12D8     12D8       23     25B0       0
                text6                              1399     1399       2D     2732       0
                text5                              1256     1256       1D     24AC       0
                text4                              1502     1502       49     2A04       0
                text3                              1596     1596       57     2B2C       0
                text2                               BE5      BE5      41B     17CA       0
                text1                                86       86      2FF      10C       0
                maintext                            9F7      9F7      1EE     13EE       0
                cstackBANK0                          60       60        F       20       1
                cstackCOMMON                         70       70        E       70       1
                clrtext                            1183     1183        8     2306       0
                inittext                           11C7     11C7       11     238E       0
                dataBANK1                            BB       BB        8       A0       1
                bssBANK1                             A0       A0       1B       A0       1
                bssBANK0                             20       20       40       20       1
                idataBANK1                            5        5        8        A       0

TOTAL           Name                               Link     Load   Length     Space
        CLASS   STACK          

        CLASS   CODE           
                end_init                              0        0        3         0
                cinit                               7E0      7E0       20         0
                text40                             11D8     11D8       14         0
                text39                             1228     1228       17         0
                text38                             15ED     15ED       67         0
                text37                             11EC     11EC       14         0
                text36                             154B     154B       4B         0
                text35                             11B7     11B7       10         0
                text34                             12FB     12FB       24         0
                text33                             131F     131F       26         0
                text32                             1345     1345       28         0
                text31                              8A0      8A0      157         0
                text30                             1199     1199        F         0
                text29                             123F     123F       17         0
                text28                              385      385      45B         0
                text27                             1654     1654       A5         0
                text26                              803      803       9D         0
                text25                                D        D       79         0
                text24                             1273     1273       21         0
                text23                             11A8     11A8        F         0
                text22                             1294     1294       21         0
                text21                             12B5     12B5       23         0
                text20                             14C6     14C6       3C         0
                text19                             13F6     13F6       32         0
                text18                             1200     1200       14         0
                text17                             118B     118B        E         0
                text16                             1428     1428       34         0
                text15                             145C     145C       34         0
                text14                             1490     1490       36         0
                text13                             16F9     16F9      107         0
                text12                             13C6     13C6       30         0
                text11                             136D     136D       2C         0
                text10                             117B     117B        8         0
                text9                              1176     1176        5         0
                text8                              1214     1214       14         0
                text7                              12D8     12D8       23         0
                text6                              1399     1399       2D         0
                text5                              1256     1256       1D         0
                text4                              1502     1502       49         0
                text3                              1596     1596       57         0
                text2                               BE5      BE5      41B         0
                text1                                86       86      2FF         0
                maintext                            9F7      9F7      1EE         0
                clrtext                            1183     1183        8         0
                inittext                           11C7     11C7       11         0
                idataBANK1                            5        5        8         0

        CLASS   STRCODE        

        CLASS   STRING         

        CLASS   CONST          

        CLASS   ENTRY          

        CLASS   COMMON         
                cstackCOMMON                         70       70        E         1

        CLASS   BANK0          
                cstackBANK0                          60       60        F         1
                bssBANK0                             20       20       40         1

        CLASS   BANK1          
                dataBANK1                            BB       BB        8         1
                bssBANK1                             A0       A0       1B         1

        CLASS   BANK2          

        CLASS   BANK3          

        CLASS   RAM            

        CLASS   ABS1           
                abs_s1                               7E       7E        2         1

        CLASS   SFR0           

        CLASS   SFR1           

        CLASS   SFR2           

        CLASS   SFR3           

        CLASS   CONFIG         
                config                             2007     2007        1         0

        CLASS   IDLOC          

        CLASS   EEDATA         



SEGMENTS        Name                           Load    Length   Top    Selector   Space  Class     Delta

                reset_vec                      000000  000003  000003         0       0  CODE        2
                idataBANK1                     000005  000008  00000D         A       0  CODE        2
                text25                         00000D  000079  000086        1A       0  CODE        2
                bssBANK0                       000020  00004F  00006F        20       1  BANK0       1
                cstackCOMMON                   000070  00000E  00007E        70       1  COMMON      1
                bssBANK1                       0000A0  000023  0000C3        A0       1  BANK1       1
                text1                          000086  0002FF  000385       10C       0  CODE        2
                text28                         000385  00045B  0007E0       70A       0  CODE        2
                cinit                          0007E0  000020  000800       FC0       0  CODE        2
                text26                         000803  00009D  0008A0      1006       0  CODE        2
                text31                         0008A0  000157  0009F7      1140       0  CODE        2
                maintext                       0009F7  0001EE  000BE5      13EE       0  CODE        2
                text2                          000BE5  00041B  001000      17CA       0  CODE        2
                text9                          001176  000005  00117B      22EC       0  CODE        2
                text10                         00117B  000008  001183      22F6       0  CODE        2
                clrtext                        001183  000008  00118B      2306       0  CODE        2
                text17                         00118B  00000E  001199      2316       0  CODE        2
                text30                         001199  00000F  0011A8      2332       0  CODE        2
                text23                         0011A8  00000F  0011B7      2350       0  CODE        2
                text35                         0011B7  000010  0011C7      236E       0  CODE        2
                inittext                       0011C7  000011  0011D8      238E       0  CODE        2
                text40                         0011D8  000014  0011EC      23B0       0  CODE        2
                text37                         0011EC  000014  001200      23D8       0  CODE        2
                text18                         001200  000014  001214      2400       0  CODE        2
                text8                          001214  000014  001228      2428       0  CODE        2
                text39                         001228  000017  00123F      2450       0  CODE        2
                text29                         00123F  000017  001256      247E       0  CODE        2
                text5                          001256  00001D  001273      24AC       0  CODE        2
                text24                         001273  000021  001294      24E6       0  CODE        2
                text22                         001294  000021  0012B5      2528       0  CODE        2
                text21                         0012B5  000023  0012D8      256A       0  CODE        2
                text7                          0012D8  000023  0012FB      25B0       0  CODE        2
                text34                         0012FB  000024  00131F      25F6       0  CODE        2
                text33                         00131F  000026  001345      263E       0  CODE        2
                text32                         001345  000028  00136D      268A       0  CODE        2
                text11                         00136D  00002C  001399      26DA       0  CODE        2
                text6                          001399  00002D  0013C6      2732       0  CODE        2
                text12                         0013C6  000030  0013F6      278C       0  CODE        2
                text19                         0013F6  000032  001428      27EC       0  CODE        2
                text16                         001428  000034  00145C      2850       0  CODE        2
                text15                         00145C  000034  001490      28B8       0  CODE        2
                text14                         001490  000036  0014C6      2920       0  CODE        2
                text20                         0014C6  00003C  001502      298C       0  CODE        2
                text4                          001502  000049  00154B      2A04       0  CODE        2
                text36                         00154B  00004B  001596      2A96       0  CODE        2
                text3                          001596  000057  0015ED      2B2C       0  CODE        2
                text38                         0015ED  000067  001654      2BDA       0  CODE        2
                text27                         001654  0000A5  0016F9      2CA8       0  CODE        2
                text13                         0016F9  000107  001800      2DF2       0  CODE        2
                config                         002007  000001  002008      400E       0  CONFIG      2


UNUSED ADDRESS RANGES

        Name                Unused          Largest block    Delta
        BANK0            006F-006F              1           1
        BANK1            00C3-00EF             2D           1
        BANK2            0110-016F             60           1
        BANK3            0190-01EF             60           1
        CODE             0003-0004              2           2
                         0800-0802              3
                         1000-1175            176
                         1800-1FFF            800
        CONST            0003-0004              2           2
                         0800-0802              3
                         1000-1175            100
                         1800-1FFF            100
        EEDATA           2100-21FF            100           2
        ENTRY            0003-0004              2           2
                         0800-0802              3
                         1000-1175            100
                         1800-1FFF            100
        IDLOC            2000-2003              4           2
        RAM              006F-006F              1           1
                         00C3-00EF             2D
                         0110-016F             60
                         0190-01EF             60
        SFR0             0000-001F             20           1
        SFR1             0080-009F             20           1
        SFR2             0100-010F             10           1
        SFR3             0180-018F             10           1
        STACK            0110-016F             60           1
        STRCODE          0003-0004              2           2
                         0800-0802              3
                         1000-1175            176
                         1800-1FFF            800
        STRING           0003-0004              2           2
                         0800-0802              3
                         1000-1175            100
                         1800-1FFF            100

                                  Symbol Table

?___awmod                                 cstackCOMMON 0070
?___lwdiv                                 cstackCOMMON 0076
?___lwmod                                 cstackCOMMON 0070
?_modulus_func                            cstackCOMMON 0077
_ADCON1                                   (abs)        009F
_OPTION_REG                               (abs)        0081
_PORTD                                    (abs)        0008
_PORTE                                    (abs)        0009
_RA0                                      (abs)        0028
_RA2                                      (abs)        002A
_RA3                                      (abs)        002B
_RA4                                      (abs)        002C
_RA5                                      (abs)        002D
_RB0                                      (abs)        0030
_RB1                                      (abs)        0031
_RB4                                      (abs)        0034
_RB5                                      (abs)        0035
_RC0                                      (abs)        0038
_RC1                                      (abs)        0039
_RC2                                      (abs)        003A
_RC3                                      (abs)        003B
_RC4                                      (abs)        003C
_RC6                                      (abs)        003E
_RC7                                      (abs)        003F
_RE0                                      (abs)        0048
_RE2                                      (abs)        004A
_THV                                      bssBANK0     005E
_TLV                                      bssBANK0     005F
_TRISA                                    (abs)        0085
_TRISA0                                   (abs)        0428
_TRISB                                    (abs)        0086
_TRISB4                                   (abs)        0434
_TRISC                                    (abs)        0087
_TRISD                                    (abs)        0088
_TRISE                                    (abs)        0089
_TRISE0                                   (abs)        0448
_TX                                       bssBANK0     005C
_TZ                                       bssBANK0     005D
__CFG_BOREN$OFF                           (abs)        0000
__CFG_FOSC$HS                             (abs)        0000
__CFG_LVP$OFF                             (abs)        0000
__CFG_PWRTE$ON                            (abs)        0000
__CFG_WDTE$OFF                            (abs)        0000
__Habs1                                   abs1         0000
__Hbank0                                  bank0        0000
__Hbank1                                  bank1        0000
__Hbank2                                  bank2        0000
__Hbank3                                  bank3        0000
__HbssBANK0                               bssBANK0     0000
__HbssBANK1                               bssBANK1     0000
__Hcinit                                  cinit        0800
__Hclrtext                                clrtext      0000
__Hcode                                   code         0000
__Hcommon                                 common       0000
__Hconfig                                 config       2008
__HcstackBANK0                            cstackBANK0  0000
__HcstackCOMMON                           cstackCOMMON 0000
__HdataBANK1                              dataBANK1    0000
__Heeprom_data                            eeprom_data  0000
__Hend_init                               end_init     0003
__Hfunctab                                functab      0000
__HidataBANK1                             idataBANK1   0000
__Hidloc                                  idloc        0000
__Hinit                                   init         0000
__Hinittext                               inittext     0000
__Hintentry                               intentry     0000
__Hmaintext                               maintext     0000
__Hpowerup                                powerup      0000
__Hram                                    ram          0000
__Hreset_vec                              reset_vec    0000
__Hsfr0                                   sfr0         0000
__Hsfr1                                   sfr1         0000
__Hsfr2                                   sfr2         0000
__Hsfr3                                   sfr3         0000
__Hspace_0                                (abs)        2008
__Hspace_1                                (abs)        00C3
__Hspace_2                                (abs)        0000
__Hspace_3                                (abs)        0000
__Hstack                                  stack        0000
__Hstrings                                strings      0000
__Htext                                   text         0000
__Labs1                                   abs1         0000
__Lbank0                                  bank0        0000
__Lbank1                                  bank1        0000
__Lbank2                                  bank2        0000
__Lbank3                                  bank3        0000
__LbssBANK0                               bssBANK0     0000
__LbssBANK1                               bssBANK1     0000
__Lcinit                                  cinit        07E0
__Lclrtext                                clrtext      0000
__Lcode                                   code         0000
__Lcommon                                 common       0000
__Lconfig                                 config       2007
__LcstackBANK0                            cstackBANK0  0000
__LcstackCOMMON                           cstackCOMMON 0000
__LdataBANK1                              dataBANK1    0000
__Leeprom_data                            eeprom_data  0000
__Lend_init                               end_init     0000
__Lfunctab                                functab      0000
__LidataBANK1                             idataBANK1   0000
__Lidloc                                  idloc        0000
__Linit                                   init         0000
__Linittext                               inittext     0000
__Lintentry                               intentry     0000
__Lmaintext                               maintext     0000
__Lpowerup                                powerup      0000
__Lram                                    ram          0000
__Lreset_vec                              reset_vec    0000
__Lsfr0                                   sfr0         0000
__Lsfr1                                   sfr1         0000
__Lsfr2                                   sfr2         0000
__Lsfr3                                   sfr3         0000
__Lspace_0                                (abs)        0000
__Lspace_1                                (abs)        0000
__Lspace_2                                (abs)        0000
__Lspace_3                                (abs)        0000
__Lstack                                  stack        0000
__Lstrings                                strings      0000
__Ltext                                   text         0000
__S0                                      (abs)        2008
__S1                                      (abs)        00C3
__S2                                      (abs)        0000
__S3                                      (abs)        0000
___awmod                                  text36       154B
___awmod@counter                          cstackCOMMON 0075
___awmod@dividend                         cstackCOMMON 0072
___awmod@divisor                          cstackCOMMON 0070
___awmod@sign                             cstackCOMMON 0076
___int_sp                                 stack        0000
___latbits                                (abs)        0002
___lbdiv                                  text22       1294
___lbdiv@counter                          cstackCOMMON 0073
___lbdiv@dividend                         cstackCOMMON 0072
___lbdiv@divisor                          cstackCOMMON 0070
___lbdiv@quotient                         cstackCOMMON 0074
___lbmod                                  text21       12B5
___lbmod@counter                          cstackCOMMON 0075
___lbmod@dividend                         cstackCOMMON 0074
___lbmod@divisor                          cstackCOMMON 0070
___lbmod@rem                              cstackCOMMON 0076
___lwdiv                                  text20       14C6
___lwdiv@counter                          cstackCOMMON 007D
___lwdiv@dividend                         cstackCOMMON 0078
___lwdiv@divisor                          cstackCOMMON 0076
___lwdiv@quotient                         cstackCOMMON 007B
___lwmod                                  text19       13F6
___lwmod@counter                          cstackCOMMON 0075
___lwmod@dividend                         cstackCOMMON 0072
___lwmod@divisor                          cstackCOMMON 0070
___sp                                     stack        0000
___stackhi                                (abs)        0000
___stacklo                                (abs)        0000
__end_of___awmod                          text36       1596
__end_of___lbdiv                          text22       12B5
__end_of___lbmod                          text21       12D8
__end_of___lwdiv                          text20       1502
__end_of___lwmod                          text19       1428
__end_of__initialization                  cinit        07FC
__end_of_button_delay                     text37       1200
__end_of_cold_threshold                   text38       1654
__end_of_date_settings                    text28       07E0
__end_of_delay2                           text18       1214
__end_of_delay_screen                     text40       11EC
__end_of_delay_temp                       text17       1199
__end_of_display_clock                    text27       16F9
__end_of_display_date                     text26       08A0
__end_of_display_day                      text25       0086
__end_of_display_temp                     text24       1294
__end_of_ds1302_init                      text23       11B7
__end_of_get_temp                         text13       1800
__end_of_get_time                         text11       1399
__end_of_incrementor                      text34       131F
__end_of_init                             text10       1183
__end_of_init_temp                        text9        117B
__end_of_initialise_buttons               text8        1228
__end_of_lcd_init                         text7        12FB
__end_of_main                             maintext     0BE5
__end_of_modulus_func                     text35       11C7
__end_of_read_byte                        text16       145C
__end_of_reset_alarm                      text6        13C6
__end_of_reset_temp                       text15       1490
__end_of_set_beep_threshhold              text5        1273
__end_of_set_lower_threshold              text4        154B
__end_of_set_time                         text32       136D
__end_of_set_upper_threshold              text3        15ED
__end_of_thermometer_threshhold_settings  text2        1000
__end_of_time_date_delimiter              text31       09F7
__end_of_time_date_hex_terminator         text30       11A8
__end_of_time_read_1                      text12       13F6
__end_of_time_settings                    text1        0385
__end_of_time_write_1                     text33       1345
__end_of_write_byte                       text14       14C6
__end_of_write_char                       text39       123F
__end_of_write_cmd                        text29       1256
__initialization                          cinit        07E0
__pbssBANK0                               bssBANK0     0020
__pbssBANK1                               bssBANK1     00A0
__pcstackBANK0                            cstackBANK0  0060
__pcstackCOMMON                           cstackCOMMON 0070
__pdataBANK1                              dataBANK1    00BB
__pidataBANK1                             idataBANK1   0005
__pmaintext                               maintext     09F7
__ptext1                                  text1        0086
__ptext10                                 text10       117B
__ptext11                                 text11       136D
__ptext12                                 text12       13C6
__ptext13                                 text13       16F9
__ptext14                                 text14       1490
__ptext15                                 text15       145C
__ptext16                                 text16       1428
__ptext17                                 text17       118B
__ptext18                                 text18       1200
__ptext19                                 text19       13F6
__ptext2                                  text2        0BE5
__ptext20                                 text20       14C6
__ptext21                                 text21       12B5
__ptext22                                 text22       1294
__ptext23                                 text23       11A8
__ptext24                                 text24       1273
__ptext25                                 text25       000D
__ptext26                                 text26       0803
__ptext27                                 text27       1654
__ptext28                                 text28       0385
__ptext29                                 text29       123F
__ptext3                                  text3        1596
__ptext30                                 text30       1199
__ptext31                                 text31       08A0
__ptext32                                 text32       1345
__ptext33                                 text33       131F
__ptext34                                 text34       12FB
__ptext35                                 text35       11B7
__ptext36                                 text36       154B
__ptext37                                 text37       11EC
__ptext38                                 text38       15ED
__ptext39                                 text39       1228
__ptext4                                  text4        1502
__ptext40                                 text40       11D8
__ptext5                                  text5        1256
__ptext6                                  text6        1399
__ptext7                                  text7        12D8
__ptext8                                  text8        1214
__ptext9                                  text9        1176
__size_of___awmod                         (abs)        0000
__size_of___lbdiv                         (abs)        0000
__size_of___lbmod                         (abs)        0000
__size_of___lwdiv                         (abs)        0000
__size_of___lwmod                         (abs)        0000
__size_of_button_delay                    (abs)        0000
__size_of_cold_threshold                  (abs)        0000
__size_of_date_settings                   (abs)        0000
__size_of_delay2                          (abs)        0000
__size_of_delay_screen                    (abs)        0000
__size_of_delay_temp                      (abs)        0000
__size_of_display_clock                   (abs)        0000
__size_of_display_date                    (abs)        0000
__size_of_display_day                     (abs)        0000
__size_of_display_temp                    (abs)        0000
__size_of_ds1302_init                     (abs)        0000
__size_of_get_temp                        (abs)        0000
__size_of_get_time                        (abs)        0000
__size_of_incrementor                     (abs)        0000
__size_of_init                            (abs)        0000
__size_of_init_temp                       (abs)        0000
__size_of_initialise_buttons              (abs)        0000
__size_of_lcd_init                        (abs)        0000
__size_of_main                            (abs)        0000
__size_of_modulus_func                    (abs)        0000
__size_of_read_byte                       (abs)        0000
__size_of_reset_alarm                     (abs)        0000
__size_of_reset_temp                      (abs)        0000
__size_of_set_beep_threshhold             (abs)        0000
__size_of_set_lower_threshold             (abs)        0000
__size_of_set_time                        (abs)        0000
__size_of_set_upper_threshold             (abs)        0000
__size_of_thermometer_threshhold_settings (abs)        0000
__size_of_time_date_delimiter             (abs)        0000
__size_of_time_date_hex_terminator        (abs)        0000
__size_of_time_read_1                     (abs)        0000
__size_of_time_settings                   (abs)        0000
__size_of_time_write_1                    (abs)        0000
__size_of_write_byte                      (abs)        0000
__size_of_write_char                      (abs)        0000
__size_of_write_cmd                       (abs)        0000
_a                                        bssBANK0     004A
_alarm__                                  bssBANK0     004D
_b                                        bssBANK0     0049
_baifen                                   bssBANK0     0058
_button_delay                             text37       11EC
_buzzer_watcher                           bssBANK0     0053
_c                                        bssBANK0     0048
_cold_counter                             bssBANK1     00B7
_cold_high                                bssBANK0     0036
_cold_low                                 bssBANK1     00B5
_cold_threshold                           text38       15ED
_cooler_state                             bssBANK0     0050
_count                                    bssBANK0     003C
_date_settings                            text28       0385
_day_counter                              bssBANK1     00A7
_day_hex                                  bssBANK0     0047
_day_high                                 bssBANK0     0028
_day_low                                  bssBANK0     002A
_day_lower_lower                          bssBANK0     0020
_day_lower_upper                          bssBANK1     00A9
_delay2                                   text18       1200
_delay_screen                             text40       11D8
_delay_temp                               text17       118B
_display_clock                            text27       1654
_display_date                             text26       0803
_display_day                              text25       000D
_display_temp                             text24       1273
_ds1302_init                              text23       11A8
_ge                                       bssBANK0     005A
_get_temp                                 text13       16F9
_get_time                                 text11       136D
_heat_counter                             bssBANK1     00B9
_heater_state                             bssBANK0     0051
_incrementor                              text34       12FB
_init                                     text10       117B
_init_temp                                text9        1176
_initialise_buttons                       text8        1214
_lcd_init                                 text7        12D8
_main                                     maintext     09F7
_modulus_func                             text35       11B7
_night_lower_lower                        bssBANK0     0022
_night_lower_upper                        bssBANK1     00AB
_p                                        bssBANK0     0024
_prev_hex                                 bssBANK0     0045
_prev_hex_day                             bssBANK0     0044
_prev_hex_hours                           bssBANK0     0042
_prev_hex_mins                            bssBANK0     0041
_prev_hex_year                            bssBANK0     0043
_qianfen                                  bssBANK0     0057
_read_byte                                text16       1428
_reset_alarm                              text6        1399
_reset_temp                               text15       145C
_set_beep_threshhold                      text5        1256
_set_lower_threshold                      text4        1502
_set_time                                 text32       1345
_set_upper_threshold                      text3        1596
_shi                                      bssBANK0     005B
_shifen                                   bssBANK0     0059
_stats                                    bssBANK0     0026
_t                                        bssBANK0     0034
_table                                    dataBANK1    00BB
_table1                                   bssBANK1     00A0
_temp_high                                bssBANK0     004B
_temp_low                                 bssBANK0     004C
_thermometer_threshhold_settings          text2        0BE5
_time_date_delimiter                      text31       08A0
_time_date_hex_terminator                 text30       1199
_time_read_1                              text12       13C6
_time_settings                            text1        0086
_time_write_1                             text33       131F
_var1                                     bssBANK0     004F
_var2                                     bssBANK0     004E
_var_night_high                           bssBANK0     0038
_var_night_low                            bssBANK0     003A
_w                                        bssBANK0     0032
_wanfen                                   bssBANK0     0056
_wd                                       bssBANK0     003E
_write_byte                               text14       1490
_write_char                               text39       1228
_write_cmd                                text29       123F
_x                                        bssBANK0     0030
_y                                        bssBANK0     002E
_z                                        bssBANK0     002C
btemp                                     (abs)        007E
button_delay@i                            cstackCOMMON 0070
clear_ram0                                clrtext      1183
cold_threshold@lower_val                  cstackCOMMON 0075
cold_threshold@upper_val                  cstackCOMMON 0073
delay2@i                                  cstackCOMMON 0070
delay_screen@i                            cstackCOMMON 0070
delay_temp@x                              cstackCOMMON 0072
delay_temp@y                              cstackCOMMON 0070
delay_temp@z                              cstackCOMMON 0073
display_clock@i                           cstackCOMMON 0075
display_date@i                            cstackCOMMON 0075
display_day@num                           cstackCOMMON 0073
end_of_initialization                     cinit        07FC
get_time@i                                cstackCOMMON 0076
incrementor@lower_val                     cstackBANK0  0062
incrementor@upper_val                     cstackBANK0  0060
incrementor@z                             cstackBANK0  0064
init_fetch0                               inittext     11C7
init_ram0                                 inittext     11CB
intlevel0                                 functab      0000
intlevel1                                 functab      0000
intlevel2                                 functab      0000
intlevel3                                 functab      0000
intlevel4                                 functab      0000
intlevel5                                 functab      0000
main@i                                    cstackBANK0  006D
modulus_func@x                            cstackCOMMON 0077
modulus_func@y                            cstackCOMMON 0079
read_byte@i                               cstackCOMMON 0076
read_byte@j                               bssBANK0     0040
read_byte@value                           cstackCOMMON 0075
reset_temp@presence                       cstackCOMMON 0075
reset_vec                                 reset_vec    0000
set_beep_threshhold@x                     cstackCOMMON 0072
set_lower_threshold@lower_val             cstackCOMMON 0075
set_lower_threshold@upper_val             cstackCOMMON 0073
set_time@i                                cstackCOMMON 0075
set_upper_threshold@lower_val             cstackCOMMON 0075
set_upper_threshold@upper_val             cstackCOMMON 0073
start                                     init         0000
start_initialization                      cinit        07E0
time_date_delimiter@hex                   cstackCOMMON 0070
time_date_delimiter@limiter               cstackCOMMON 0071
time_date_delimiter@type                  cstackCOMMON 0072
time_date_delimiter@val                   cstackCOMMON 0076
time_date_hex_terminator@limiter          cstackCOMMON 0070
time_date_hex_terminator@val              cstackCOMMON 0073
time_read_1@j                             cstackCOMMON 0072
time_read_1@time_rx                       cstackCOMMON 0074
time_write_1@j                            cstackCOMMON 0072
time_write_1@time_tx                      cstackCOMMON 0074
write_byte@i                              cstackCOMMON 0078
write_byte@temp                           cstackCOMMON 0076
write_byte@val                            cstackCOMMON 0077
write_char@x                              cstackCOMMON 0072
write_cmd@x                               cstackCOMMON 0072
wtemp0                                    (abs)        007E


FUNCTION INFORMATION:

 *************** function _main *****************
 Defined at:
		line 10 in file "mainLogic.c"
 Parameters:    Size  Location     Type
		None
 Auto vars:     Size  Location     Type
  i               2   13[BANK0 ] int 
 Return value:  Size  Location     Type
                  1    wreg      void 
 Registers used:
		wreg, fsr0l, fsr0h, status,2, status,0, btemp+1, pclath, cstack
 Tracked objects:
		On entry : 
		On exit  : 
		Unchanged: 
 Data sizes:     COMMON   BANK0   BANK1   BANK3   BANK2
      Params:         0       0       0       0       0
      Locals:         0       2       0       0       0
      Temps:          0       5       0       0       0
      Totals:         0       7       0       0       0
Total ram usage:        7 bytes
 Hardware stack levels required when called:    4
 This function calls:
		_cold_threshold
		_date_settings
		_display_clock
		_display_date
		_display_day
		_display_temp
		_ds1302_init
		_get_temp
		_get_time
		_init
		_init_temp
		_initialise_buttons
		_lcd_init
		_modulus_func
		_reset_alarm
		_set_beep_threshhold
		_set_lower_threshold
		_set_time
		_set_upper_threshold
		_thermometer_threshhold_settings
		_time_settings
		_write_char
		_write_cmd
 This function is called by:
		Startup code after reset
 This function uses a non-reentrant model


 *************** function _time_settings *****************
 Defined at:
		line 316 in file "Button_src.c"
 Parameters:    Size  Location     Type
		None
 Auto vars:     Size  Location     Type
		None
 Return value:  Size  Location     Type
                  1    wreg      void 
 Registers used:
		wreg, fsr0l, fsr0h, status,2, status,0, btemp+1, pclath, cstack
 Tracked objects:
		On entry : 
		On exit  : 
		Unchanged: 
 Data sizes:     COMMON   BANK0   BANK1   BANK3   BANK2
      Params:         0       0       0       0       0
      Locals:         0       0       0       0       0
      Temps:          0       3       0       0       0
      Totals:         0       3       0       0       0
Total ram usage:        3 bytes
 Hardware stack levels used:    1
 Hardware stack levels required when called:    3
 This function calls:
		_button_delay
		_incrementor
		_modulus_func
		_set_time
		_time_date_delimiter
		_time_date_hex_terminator
		_write_char
		_write_cmd
 This function is called by:
		_main
 This function uses a non-reentrant model


 *************** function _thermometer_threshhold_settings *****************
 Defined at:
		line 23 in file "Button_src.c"
 Parameters:    Size  Location     Type
		None
 Auto vars:     Size  Location     Type
		None
 Return value:  Size  Location     Type
                  1    wreg      void 
 Registers used:
		wreg, status,2, status,0, btemp+1, pclath, cstack
 Tracked objects:
		On entry : 
		On exit  : 
		Unchanged: 
 Data sizes:     COMMON   BANK0   BANK1   BANK3   BANK2
      Params:         0       0       0       0       0
      Locals:         0       0       0       0       0
      Temps:          0       3       0       0       0
      Totals:         0       3       0       0       0
Total ram usage:        3 bytes
 Hardware stack levels used:    1
 Hardware stack levels required when called:    3
 This function calls:
		_button_delay
		_incrementor
		_modulus_func
		_write_char
		_write_cmd
 This function is called by:
		_main
 This function uses a non-reentrant model


 *************** function _set_upper_threshold *****************
 Defined at:
		line 4 in file "threshold_src.c"
 Parameters:    Size  Location     Type
  upper_val       2    3[COMMON] int 
  lower_val       2    5[COMMON] int 
 Auto vars:     Size  Location     Type
		None
 Return value:  Size  Location     Type
                  1    wreg      unsigned char 
 Registers used:
		wreg, status,2, status,0, btemp+1, pclath, cstack
 Tracked objects:
		On entry : 
		On exit  : 
		Unchanged: 
 Data sizes:     COMMON   BANK0   BANK1   BANK3   BANK2
      Params:         4       0       0       0       0
      Locals:         0       0       0       0       0
      Temps:          1       0       0       0       0
      Totals:         5       0       0       0       0
Total ram usage:        5 bytes
 Hardware stack levels used:    1
 Hardware stack levels required when called:    2
 This function calls:
		_write_char
 This function is called by:
		_main
 This function uses a non-reentrant model


 *************** function _set_lower_threshold *****************
 Defined at:
		line 41 in file "threshold_src.c"
 Parameters:    Size  Location     Type
  upper_val       2    3[COMMON] int 
  lower_val       2    5[COMMON] int 
 Auto vars:     Size  Location     Type
		None
 Return value:  Size  Location     Type
                  1    wreg      unsigned char 
 Registers used:
		wreg, status,2, status,0, btemp+1, pclath, cstack
 Tracked objects:
		On entry : 
		On exit  : 
		Unchanged: 
 Data sizes:     COMMON   BANK0   BANK1   BANK3   BANK2
      Params:         4       0       0       0       0
      Locals:         0       0       0       0       0
      Temps:          1       0       0       0       0
      Totals:         5       0       0       0       0
Total ram usage:        5 bytes
 Hardware stack levels used:    1
 Hardware stack levels required when called:    2
 This function calls:
		_write_char
 This function is called by:
		_main
 This function uses a non-reentrant model


 *************** function _set_beep_threshhold *****************
 Defined at:
		line 5 in file "buzzer_src.c"
 Parameters:    Size  Location     Type
  x               1    wreg     unsigned char 
 Auto vars:     Size  Location     Type
  x               1    2[COMMON] unsigned char 
 Return value:  Size  Location     Type
                  1    wreg      void 
 Registers used:
		wreg, status,2, status,0, btemp+1, pclath, cstack
 Tracked objects:
		On entry : 
		On exit  : 
		Unchanged: 
 Data sizes:     COMMON   BANK0   BANK1   BANK3   BANK2
      Params:         0       0       0       0       0
      Locals:         1       0       0       0       0
      Temps:          0       0       0       0       0
      Totals:         1       0       0       0       0
Total ram usage:        1 bytes
 Hardware stack levels used:    1
 Hardware stack levels required when called:    1
 This function calls:
		_button_delay
 This function is called by:
		_main
 This function uses a non-reentrant model


 *************** function _reset_alarm *****************
 Defined at:
		line 58 in file "threshold_src.c"
 Parameters:    Size  Location     Type
		None
 Auto vars:     Size  Location     Type
		None
 Return value:  Size  Location     Type
                  1    wreg      unsigned char 
 Registers used:
		wreg, status,2, status,0, btemp+1, pclath, cstack
 Tracked objects:
		On entry : 
		On exit  : 
		Unchanged: 
 Data sizes:     COMMON   BANK0   BANK1   BANK3   BANK2
      Params:         0       0       0       0       0
      Locals:         0       0       0       0       0
      Temps:          1       0       0       0       0
      Totals:         1       0       0       0       0
Total ram usage:        1 bytes
 Hardware stack levels used:    1
 Hardware stack levels required when called:    2
 This function calls:
		_write_char
 This function is called by:
		_main
 This function uses a non-reentrant model


 *************** function _lcd_init *****************
 Defined at:
		line 14 in file "LCD_src.c"
 Parameters:    Size  Location     Type
		None
 Auto vars:     Size  Location     Type
  i               2    0        int 
 Return value:  Size  Location     Type
                  1    wreg      void 
 Registers used:
		wreg, status,2, status,0, btemp+1, pclath, cstack
 Tracked objects:
		On entry : 
		On exit  : 
		Unchanged: 
 Data sizes:     COMMON   BANK0   BANK1   BANK3   BANK2
      Params:         0       0       0       0       0
      Locals:         0       0       0       0       0
      Temps:          0       0       0       0       0
      Totals:         0       0       0       0       0
Total ram usage:        0 bytes
 Hardware stack levels used:    1
 Hardware stack levels required when called:    2
 This function calls:
		_delay_screen
		_write_cmd
 This function is called by:
		_main
 This function uses a non-reentrant model


 *************** function _initialise_buttons *****************
 Defined at:
		line 11 in file "Button_src.c"
 Parameters:    Size  Location     Type
		None
 Auto vars:     Size  Location     Type
		None
 Return value:  Size  Location     Type
                  1    wreg      void 
 Registers used:
		wreg, status,2
 Tracked objects:
		On entry : 
		On exit  : 
		Unchanged: 
 Data sizes:     COMMON   BANK0   BANK1   BANK3   BANK2
      Params:         0       0       0       0       0
      Locals:         0       0       0       0       0
      Temps:          0       0       0       0       0
      Totals:         0       0       0       0       0
Total ram usage:        0 bytes
 Hardware stack levels used:    1
 This function calls:
		Nothing
 This function is called by:
		_main
 This function uses a non-reentrant model


 *************** function _init_temp *****************
 Defined at:
		line 6 in file "Thermometer_src.c"
 Parameters:    Size  Location     Type
		None
 Auto vars:     Size  Location     Type
		None
 Return value:  Size  Location     Type
                  1    wreg      void 
 Registers used:
		status,2
 Tracked objects:
		On entry : 
		On exit  : 
		Unchanged: 
 Data sizes:     COMMON   BANK0   BANK1   BANK3   BANK2
      Params:         0       0       0       0       0
      Locals:         0       0       0       0       0
      Temps:          0       0       0       0       0
      Totals:         0       0       0       0       0
Total ram usage:        0 bytes
 Hardware stack levels used:    1
 This function calls:
		Nothing
 This function is called by:
		_main
 This function uses a non-reentrant model


 *************** function _init *****************
 Defined at:
		line 5 in file "LCD_src.c"
 Parameters:    Size  Location     Type
		None
 Auto vars:     Size  Location     Type
		None
 Return value:  Size  Location     Type
                  1    wreg      void 
 Registers used:
		wreg, status,2
 Tracked objects:
		On entry : 
		On exit  : 
		Unchanged: 
 Data sizes:     COMMON   BANK0   BANK1   BANK3   BANK2
      Params:         0       0       0       0       0
      Locals:         0       0       0       0       0
      Temps:          0       0       0       0       0
      Totals:         0       0       0       0       0
Total ram usage:        0 bytes
 Hardware stack levels used:    1
 This function calls:
		Nothing
 This function is called by:
		_main
 This function uses a non-reentrant model


 *************** function _get_time *****************
 Defined at:
		line 23 in file "clock_src.c"
 Parameters:    Size  Location     Type
		None
 Auto vars:     Size  Location     Type
  i               2    6[COMMON] int 
 Return value:  Size  Location     Type
                  1    wreg      void 
 Registers used:
		wreg, fsr0l, fsr0h, status,2, status,0, btemp+1, pclath, cstack
 Tracked objects:
		On entry : 
		On exit  : 
		Unchanged: 
 Data sizes:     COMMON   BANK0   BANK1   BANK3   BANK2
      Params:         0       0       0       0       0
      Locals:         2       0       0       0       0
      Temps:          1       0       0       0       0
      Totals:         3       0       0       0       0
Total ram usage:        3 bytes
 Hardware stack levels used:    1
 Hardware stack levels required when called:    1
 This function calls:
		_time_read_1
		_time_write_1
 This function is called by:
		_main
 This function uses a non-reentrant model


 *************** function _time_read_1 *****************
 Defined at:
		line 130 in file "clock_src.c"
 Parameters:    Size  Location     Type
		None
 Auto vars:     Size  Location     Type
  j               2    2[COMMON] int 
  time_rx         1    4[COMMON] unsigned char 
 Return value:  Size  Location     Type
                  1    wreg      unsigned char 
 Registers used:
		wreg, status,2, status,0, btemp+1
 Tracked objects:
		On entry : 
		On exit  : 
		Unchanged: 
 Data sizes:     COMMON   BANK0   BANK1   BANK3   BANK2
      Params:         0       0       0       0       0
      Locals:         3       0       0       0       0
      Temps:          2       0       0       0       0
      Totals:         5       0       0       0       0
Total ram usage:        5 bytes
 Hardware stack levels used:    1
 This function calls:
		Nothing
 This function is called by:
		_get_time
 This function uses a non-reentrant model


 *************** function _get_temp *****************
 Defined at:
		line 89 in file "Thermometer_src.c"
 Parameters:    Size  Location     Type
		None
 Auto vars:     Size  Location     Type
  i               2    0        int 
 Return value:  Size  Location     Type
                  1    wreg      void 
 Registers used:
		wreg, status,2, status,0, btemp+1, pclath, cstack
 Tracked objects:
		On entry : 
		On exit  : 
		Unchanged: 
 Data sizes:     COMMON   BANK0   BANK1   BANK3   BANK2
      Params:         0       0       0       0       0
      Locals:         0       0       0       0       0
      Temps:          0       4       0       0       0
      Totals:         0       4       0       0       0
Total ram usage:        4 bytes
 Hardware stack levels used:    1
 Hardware stack levels required when called:    2
 This function calls:
		___lbdiv
		___lbmod
		___lwdiv
		___lwmod
		_delay2
		_read_byte
		_reset_temp
		_write_byte
 This function is called by:
		_main
 This function uses a non-reentrant model


 *************** function _write_byte *****************
 Defined at:
		line 40 in file "Thermometer_src.c"
 Parameters:    Size  Location     Type
  val             1    wreg     unsigned char 
 Auto vars:     Size  Location     Type
  val             1    7[COMMON] unsigned char 
  i               1    8[COMMON] unsigned char 
  temp            1    6[COMMON] unsigned char 
 Return value:  Size  Location     Type
                  1    wreg      void 
 Registers used:
		wreg, status,2, status,0, pclath, cstack
 Tracked objects:
		On entry : 
		On exit  : 
		Unchanged: 
 Data sizes:     COMMON   BANK0   BANK1   BANK3   BANK2
      Params:         0       0       0       0       0
      Locals:         3       0       0       0       0
      Temps:          2       0       0       0       0
      Totals:         5       0       0       0       0
Total ram usage:        5 bytes
 Hardware stack levels used:    1
 Hardware stack levels required when called:    1
 This function calls:
		_delay_temp
 This function is called by:
		_get_temp
 This function uses a non-reentrant model


 *************** function _reset_temp *****************
 Defined at:
		line 25 in file "Thermometer_src.c"
 Parameters:    Size  Location     Type
		None
 Auto vars:     Size  Location     Type
  presence        1    5[COMMON] unsigned char 
 Return value:  Size  Location     Type
                  1    wreg      void 
 Registers used:
		wreg, status,2, status,0, pclath, cstack
 Tracked objects:
		On entry : 
		On exit  : 
		Unchanged: 
 Data sizes:     COMMON   BANK0   BANK1   BANK3   BANK2
      Params:         0       0       0       0       0
      Locals:         1       0       0       0       0
      Temps:          1       0       0       0       0
      Totals:         2       0       0       0       0
Total ram usage:        2 bytes
 Hardware stack levels used:    1
 Hardware stack levels required when called:    1
 This function calls:
		_delay_temp
 This function is called by:
		_get_temp
 This function uses a non-reentrant model


 *************** function _read_byte *****************
 Defined at:
		line 62 in file "Thermometer_src.c"
 Parameters:    Size  Location     Type
		None
 Auto vars:     Size  Location     Type
  i               1    6[COMMON] unsigned char 
  value           1    5[COMMON] unsigned char 
 Return value:  Size  Location     Type
                  1    wreg      unsigned char 
 Registers used:
		wreg, status,2, status,0, pclath, cstack
 Tracked objects:
		On entry : 
		On exit  : 
		Unchanged: 
 Data sizes:     COMMON   BANK0   BANK1   BANK3   BANK2
      Params:         0       0       0       0       0
      Locals:         2       0       0       0       0
      Temps:          1       0       0       0       0
      Totals:         3       0       0       0       0
Total ram usage:        3 bytes
 Hardware stack levels used:    1
 Hardware stack levels required when called:    1
 This function calls:
		_delay_temp
 This function is called by:
		_get_temp
 This function uses a non-reentrant model


 *************** function _delay_temp *****************
 Defined at:
		line 121 in file "Thermometer_src.c"
 Parameters:    Size  Location     Type
  x               1    wreg     unsigned char 
  y               1    0[COMMON] unsigned char 
 Auto vars:     Size  Location     Type
  x               1    2[COMMON] unsigned char 
  z               1    3[COMMON] unsigned char 
 Return value:  Size  Location     Type
                  1    wreg      void 
 Registers used:
		wreg, status,2, status,0
 Tracked objects:
		On entry : 
		On exit  : 
		Unchanged: 
 Data sizes:     COMMON   BANK0   BANK1   BANK3   BANK2
      Params:         1       0       0       0       0
      Locals:         2       0       0       0       0
      Temps:          1       0       0       0       0
      Totals:         4       0       0       0       0
Total ram usage:        4 bytes
 Hardware stack levels used:    1
 This function calls:
		Nothing
 This function is called by:
		_reset_temp
		_write_byte
		_read_byte
 This function uses a non-reentrant model


 *************** function _delay2 *****************
 Defined at:
		line 130 in file "Thermometer_src.c"
 Parameters:    Size  Location     Type
		None
 Auto vars:     Size  Location     Type
  i               2    0[COMMON] int 
 Return value:  Size  Location     Type
                  1    wreg      void 
 Registers used:
		wreg, status,2, btemp+1
 Tracked objects:
		On entry : 
		On exit  : 
		Unchanged: 
 Data sizes:     COMMON   BANK0   BANK1   BANK3   BANK2
      Params:         0       0       0       0       0
      Locals:         2       0       0       0       0
      Temps:          0       0       0       0       0
      Totals:         2       0       0       0       0
Total ram usage:        2 bytes
 Hardware stack levels used:    1
 This function calls:
		Nothing
 This function is called by:
		_get_temp
 This function uses a non-reentrant model


 *************** function ___lwmod *****************
 Defined at:
		line 5 in file "C:\Program Files (x86)\Microchip\xc8\v2.10\pic\sources\c90\common\lwmod.c"
 Parameters:    Size  Location     Type
  divisor         2    0[COMMON] unsigned int 
  dividend        2    2[COMMON] unsigned int 
 Auto vars:     Size  Location     Type
  counter         1    5[COMMON] unsigned char 
 Return value:  Size  Location     Type
                  2    0[COMMON] unsigned int 
 Registers used:
		wreg, status,2, status,0
 Tracked objects:
		On entry : 
		On exit  : 
		Unchanged: 
 Data sizes:     COMMON   BANK0   BANK1   BANK3   BANK2
      Params:         4       0       0       0       0
      Locals:         1       0       0       0       0
      Temps:          1       0       0       0       0
      Totals:         6       0       0       0       0
Total ram usage:        6 bytes
 Hardware stack levels used:    1
 This function calls:
		Nothing
 This function is called by:
		_get_temp
 This function uses a non-reentrant model


 *************** function ___lwdiv *****************
 Defined at:
		line 5 in file "C:\Program Files (x86)\Microchip\xc8\v2.10\pic\sources\c90\common\lwdiv.c"
 Parameters:    Size  Location     Type
  divisor         2    6[COMMON] unsigned int 
  dividend        2    8[COMMON] unsigned int 
 Auto vars:     Size  Location     Type
  quotient        2   11[COMMON] unsigned int 
  counter         1   13[COMMON] unsigned char 
 Return value:  Size  Location     Type
                  2    6[COMMON] unsigned int 
 Registers used:
		wreg, status,2, status,0
 Tracked objects:
		On entry : 
		On exit  : 
		Unchanged: 
 Data sizes:     COMMON   BANK0   BANK1   BANK3   BANK2
      Params:         4       0       0       0       0
      Locals:         3       0       0       0       0
      Temps:          1       0       0       0       0
      Totals:         8       0       0       0       0
Total ram usage:        8 bytes
 Hardware stack levels used:    1
 This function calls:
		Nothing
 This function is called by:
		_get_temp
 This function uses a non-reentrant model


 *************** function ___lbmod *****************
 Defined at:
		line 4 in file "C:\Program Files (x86)\Microchip\xc8\v2.10\pic\sources\c90\common\lbmod.c"
 Parameters:    Size  Location     Type
  dividend        1    wreg     unsigned char 
  divisor         1    0[COMMON] unsigned char 
 Auto vars:     Size  Location     Type
  dividend        1    4[COMMON] unsigned char 
  rem             1    6[COMMON] unsigned char 
  counter         1    5[COMMON] unsigned char 
 Return value:  Size  Location     Type
                  1    wreg      unsigned char 
 Registers used:
		wreg, status,2, status,0
 Tracked objects:
		On entry : 
		On exit  : 
		Unchanged: 
 Data sizes:     COMMON   BANK0   BANK1   BANK3   BANK2
      Params:         1       0       0       0       0
      Locals:         3       0       0       0       0
      Temps:          3       0       0       0       0
      Totals:         7       0       0       0       0
Total ram usage:        7 bytes
 Hardware stack levels used:    1
 This function calls:
		Nothing
 This function is called by:
		_get_temp
 This function uses a non-reentrant model


 *************** function ___lbdiv *****************
 Defined at:
		line 4 in file "C:\Program Files (x86)\Microchip\xc8\v2.10\pic\sources\c90\common\lbdiv.c"
 Parameters:    Size  Location     Type
  dividend        1    wreg     unsigned char 
  divisor         1    0[COMMON] unsigned char 
 Auto vars:     Size  Location     Type
  dividend        1    2[COMMON] unsigned char 
  quotient        1    4[COMMON] unsigned char 
  counter         1    3[COMMON] unsigned char 
 Return value:  Size  Location     Type
                  1    wreg      unsigned char 
 Registers used:
		wreg, status,2, status,0
 Tracked objects:
		On entry : 
		On exit  : 
		Unchanged: 
 Data sizes:     COMMON   BANK0   BANK1   BANK3   BANK2
      Params:         1       0       0       0       0
      Locals:         3       0       0       0       0
      Temps:          1       0       0       0       0
      Totals:         5       0       0       0       0
Total ram usage:        5 bytes
 Hardware stack levels used:    1
 This function calls:
		Nothing
 This function is called by:
		_get_temp
 This function uses a non-reentrant model


 *************** function _ds1302_init *****************
 Defined at:
		line 3 in file "clock_src.c"
 Parameters:    Size  Location     Type
		None
 Auto vars:     Size  Location     Type
		None
 Return value:  Size  Location     Type
                  1    wreg      void 
 Registers used:
		wreg, status,2, status,0, btemp+1, pclath, cstack
 Tracked objects:
		On entry : 
		On exit  : 
		Unchanged: 
 Data sizes:     COMMON   BANK0   BANK1   BANK3   BANK2
      Params:         0       0       0       0       0
      Locals:         0       0       0       0       0
      Temps:          0       0       0       0       0
      Totals:         0       0       0       0       0
Total ram usage:        0 bytes
 Hardware stack levels used:    1
 Hardware stack levels required when called:    1
 This function calls:
		_time_write_1
 This function is called by:
		_main
 This function uses a non-reentrant model


 *************** function _display_temp *****************
 Defined at:
		line 12 in file "Thermometer_src.c"
 Parameters:    Size  Location     Type
		None
 Auto vars:     Size  Location     Type
		None
 Return value:  Size  Location     Type
                  1    wreg      void 
 Registers used:
		wreg, status,2, status,0, btemp+1, pclath, cstack
 Tracked objects:
		On entry : 
		On exit  : 
		Unchanged: 
 Data sizes:     COMMON   BANK0   BANK1   BANK3   BANK2
      Params:         0       0       0       0       0
      Locals:         0       0       0       0       0
      Temps:          0       0       0       0       0
      Totals:         0       0       0       0       0
Total ram usage:        0 bytes
 Hardware stack levels used:    1
 Hardware stack levels required when called:    2
 This function calls:
		_write_char
 This function is called by:
		_main
 This function uses a non-reentrant model


 *************** function _display_day *****************
 Defined at:
		line 4 in file "Day_of_week_src.c"
 Parameters:    Size  Location     Type
  num             2    3[COMMON] int 
 Auto vars:     Size  Location     Type
		None
 Return value:  Size  Location     Type
                  1    wreg      void 
 Registers used:
		wreg, status,2, status,0, btemp+1, pclath, cstack
 Tracked objects:
		On entry : 
		On exit  : 
		Unchanged: 
 Data sizes:     COMMON   BANK0   BANK1   BANK3   BANK2
      Params:         2       0       0       0       0
      Locals:         0       0       0       0       0
      Temps:          0       0       0       0       0
      Totals:         2       0       0       0       0
Total ram usage:        2 bytes
 Hardware stack levels used:    1
 Hardware stack levels required when called:    2
 This function calls:
		_write_char
 This function is called by:
		_main
 This function uses a non-reentrant model


 *************** function _display_date *****************
 Defined at:
		line 77 in file "clock_src.c"
 Parameters:    Size  Location     Type
		None
 Auto vars:     Size  Location     Type
  i               2    5[COMMON] int 
 Return value:  Size  Location     Type
                  1    wreg      void 
 Registers used:
		wreg, status,2, status,0, btemp+1, pclath, cstack
 Tracked objects:
		On entry : 
		On exit  : 
		Unchanged: 
 Data sizes:     COMMON   BANK0   BANK1   BANK3   BANK2
      Params:         0       0       0       0       0
      Locals:         2       0       0       0       0
      Temps:          2       0       0       0       0
      Totals:         4       0       0       0       0
Total ram usage:        4 bytes
 Hardware stack levels used:    1
 Hardware stack levels required when called:    2
 This function calls:
		_write_char
 This function is called by:
		_main
 This function uses a non-reentrant model


 *************** function _display_clock *****************
 Defined at:
		line 34 in file "clock_src.c"
 Parameters:    Size  Location     Type
		None
 Auto vars:     Size  Location     Type
  i               2    5[COMMON] int 
 Return value:  Size  Location     Type
                  1    wreg      void 
 Registers used:
		wreg, status,2, status,0, btemp+1, pclath, cstack
 Tracked objects:
		On entry : 
		On exit  : 
		Unchanged: 
 Data sizes:     COMMON   BANK0   BANK1   BANK3   BANK2
      Params:         0       0       0       0       0
      Locals:         2       0       0       0       0
      Temps:          2       0       0       0       0
      Totals:         4       0       0       0       0
Total ram usage:        4 bytes
 Hardware stack levels used:    1
 Hardware stack levels required when called:    2
 This function calls:
		_write_char
 This function is called by:
		_main
 This function uses a non-reentrant model


 *************** function _date_settings *****************
 Defined at:
		line 504 in file "Button_src.c"
 Parameters:    Size  Location     Type
		None
 Auto vars:     Size  Location     Type
		None
 Return value:  Size  Location     Type
                  1    wreg      void 
 Registers used:
		wreg, fsr0l, fsr0h, status,2, status,0, btemp+1, pclath, cstack
 Tracked objects:
		On entry : 
		On exit  : 
		Unchanged: 
 Data sizes:     COMMON   BANK0   BANK1   BANK3   BANK2
      Params:         0       0       0       0       0
      Locals:         0       0       0       0       0
      Temps:          0       3       0       0       0
      Totals:         0       3       0       0       0
Total ram usage:        3 bytes
 Hardware stack levels used:    1
 Hardware stack levels required when called:    3
 This function calls:
		_button_delay
		_incrementor
		_modulus_func
		_set_time
		_time_date_delimiter
		_time_date_hex_terminator
		_write_char
		_write_cmd
 This function is called by:
		_main
 This function uses a non-reentrant model


 *************** function _write_cmd *****************
 Defined at:
		line 41 in file "LCD_src.c"
 Parameters:    Size  Location     Type
  x               1    wreg     unsigned char 
 Auto vars:     Size  Location     Type
  x               1    2[COMMON] unsigned char 
  i               2    0        int 
 Return value:  Size  Location     Type
                  1    wreg      void 
 Registers used:
		wreg, status,2, status,0, btemp+1, pclath, cstack
 Tracked objects:
		On entry : 
		On exit  : 
		Unchanged: 
 Data sizes:     COMMON   BANK0   BANK1   BANK3   BANK2
      Params:         0       0       0       0       0
      Locals:         1       0       0       0       0
      Temps:          0       0       0       0       0
      Totals:         1       0       0       0       0
Total ram usage:        1 bytes
 Hardware stack levels used:    1
 Hardware stack levels required when called:    1
 This function calls:
		_delay_screen
 This function is called by:
		_main
		_lcd_init
		_thermometer_threshhold_settings
		_time_settings
		_date_settings
 This function uses a non-reentrant model


 *************** function _time_date_hex_terminator *****************
 Defined at:
		line 87 in file "math_src.c"
 Parameters:    Size  Location     Type
  val             1    wreg     unsigned char 
  limiter         1    0[COMMON] unsigned char 
 Auto vars:     Size  Location     Type
  val             1    3[COMMON] unsigned char 
 Return value:  Size  Location     Type
                  1    wreg      unsigned char 
 Registers used:
		wreg, status,2
 Tracked objects:
		On entry : 
		On exit  : 
		Unchanged: 
 Data sizes:     COMMON   BANK0   BANK1   BANK3   BANK2
      Params:         1       0       0       0       0
      Locals:         1       0       0       0       0
      Temps:          2       0       0       0       0
      Totals:         4       0       0       0       0
Total ram usage:        4 bytes
 Hardware stack levels used:    1
 This function calls:
		Nothing
 This function is called by:
		_time_settings
		_date_settings
 This function uses a non-reentrant model


 *************** function _time_date_delimiter *****************
 Defined at:
		line 28 in file "math_src.c"
 Parameters:    Size  Location     Type
  val             1    wreg     unsigned char 
  hex             1    0[COMMON] unsigned char 
  limiter         1    1[COMMON] unsigned char 
  type            2    2[COMMON] int 
 Auto vars:     Size  Location     Type
  val             1    6[COMMON] unsigned char 
 Return value:  Size  Location     Type
                  1    wreg      unsigned char 
 Registers used:
		wreg, status,2, status,0
 Tracked objects:
		On entry : 
		On exit  : 
		Unchanged: 
 Data sizes:     COMMON   BANK0   BANK1   BANK3   BANK2
      Params:         4       0       0       0       0
      Locals:         1       0       0       0       0
      Temps:          2       0       0       0       0
      Totals:         7       0       0       0       0
Total ram usage:        7 bytes
 Hardware stack levels used:    1
 This function calls:
		Nothing
 This function is called by:
		_time_settings
		_date_settings
 This function uses a non-reentrant model


 *************** function _set_time *****************
 Defined at:
		line 12 in file "clock_src.c"
 Parameters:    Size  Location     Type
		None
 Auto vars:     Size  Location     Type
  i               2    5[COMMON] int 
 Return value:  Size  Location     Type
                  1    wreg      void 
 Registers used:
		wreg, fsr0l, fsr0h, status,2, status,0, btemp+1, pclath, cstack
 Tracked objects:
		On entry : 
		On exit  : 
		Unchanged: 
 Data sizes:     COMMON   BANK0   BANK1   BANK3   BANK2
      Params:         0       0       0       0       0
      Locals:         2       0       0       0       0
      Temps:          0       0       0       0       0
      Totals:         2       0       0       0       0
Total ram usage:        2 bytes
 Hardware stack levels used:    1
 Hardware stack levels required when called:    1
 This function calls:
		_time_write_1
 This function is called by:
		_main
		_time_settings
		_date_settings
 This function uses a non-reentrant model


 *************** function _time_write_1 *****************
 Defined at:
		line 114 in file "clock_src.c"
 Parameters:    Size  Location     Type
  time_tx         1    wreg     unsigned char 
 Auto vars:     Size  Location     Type
  time_tx         1    4[COMMON] unsigned char 
  j               2    2[COMMON] int 
 Return value:  Size  Location     Type
                  1    wreg      void 
 Registers used:
		wreg, status,2, status,0, btemp+1
 Tracked objects:
		On entry : 
		On exit  : 
		Unchanged: 
 Data sizes:     COMMON   BANK0   BANK1   BANK3   BANK2
      Params:         0       0       0       0       0
      Locals:         3       0       0       0       0
      Temps:          2       0       0       0       0
      Totals:         5       0       0       0       0
Total ram usage:        5 bytes
 Hardware stack levels used:    1
 This function calls:
		Nothing
 This function is called by:
		_ds1302_init
		_set_time
		_get_time
 This function uses a non-reentrant model


 *************** function _incrementor *****************
 Defined at:
		line 10 in file "math_src.c"
 Parameters:    Size  Location     Type
  upper_val       2    0[BANK0 ] int 
  lower_val       2    2[BANK0 ] int 
  z               1    4[BANK0 ] unsigned char 
 Auto vars:     Size  Location     Type
		None
 Return value:  Size  Location     Type
                  1    wreg      unsigned char 
 Registers used:
		wreg, status,2, status,0, pclath, cstack
 Tracked objects:
		On entry : 
		On exit  : 
		Unchanged: 
 Data sizes:     COMMON   BANK0   BANK1   BANK3   BANK2
      Params:         0       5       0       0       0
      Locals:         0       0       0       0       0
      Temps:          2       0       0       0       0
      Totals:         2       5       0       0       0
Total ram usage:        7 bytes
 Hardware stack levels used:    1
 Hardware stack levels required when called:    2
 This function calls:
		_modulus_func
 This function is called by:
		_thermometer_threshhold_settings
		_time_settings
		_date_settings
 This function uses a non-reentrant model


 *************** function _modulus_func *****************
 Defined at:
		line 5 in file "math_src.c"
 Parameters:    Size  Location     Type
  x               2    7[COMMON] int 
  y               2    9[COMMON] int 
 Auto vars:     Size  Location     Type
		None
 Return value:  Size  Location     Type
                  2    7[COMMON] int 
 Registers used:
		wreg, status,2, status,0, pclath, cstack
 Tracked objects:
		On entry : 
		On exit  : 
		Unchanged: 
 Data sizes:     COMMON   BANK0   BANK1   BANK3   BANK2
      Params:         4       0       0       0       0
      Locals:         0       0       0       0       0
      Temps:          0       0       0       0       0
      Totals:         4       0       0       0       0
Total ram usage:        4 bytes
 Hardware stack levels used:    1
 Hardware stack levels required when called:    1
 This function calls:
		___awmod
 This function is called by:
		_main
		_thermometer_threshhold_settings
		_time_settings
		_date_settings
		_incrementor
 This function uses a non-reentrant model


 *************** function ___awmod *****************
 Defined at:
		line 5 in file "C:\Program Files (x86)\Microchip\xc8\v2.10\pic\sources\c90\common\awmod.c"
 Parameters:    Size  Location     Type
  divisor         2    0[COMMON] int 
  dividend        2    2[COMMON] int 
 Auto vars:     Size  Location     Type
  sign            1    6[COMMON] unsigned char 
  counter         1    5[COMMON] unsigned char 
 Return value:  Size  Location     Type
                  2    0[COMMON] int 
 Registers used:
		wreg, status,2, status,0
 Tracked objects:
		On entry : 
		On exit  : 
		Unchanged: 
 Data sizes:     COMMON   BANK0   BANK1   BANK3   BANK2
      Params:         4       0       0       0       0
      Locals:         2       0       0       0       0
      Temps:          1       0       0       0       0
      Totals:         7       0       0       0       0
Total ram usage:        7 bytes
 Hardware stack levels used:    1
 This function calls:
		Nothing
 This function is called by:
		_modulus_func
 This function uses a non-reentrant model


 *************** function _button_delay *****************
 Defined at:
		line 744 in file "Button_src.c"
 Parameters:    Size  Location     Type
		None
 Auto vars:     Size  Location     Type
  i               2    0[COMMON] int 
 Return value:  Size  Location     Type
                  1    wreg      void 
 Registers used:
		wreg, status,2, btemp+1
 Tracked objects:
		On entry : 
		On exit  : 
		Unchanged: 
 Data sizes:     COMMON   BANK0   BANK1   BANK3   BANK2
      Params:         0       0       0       0       0
      Locals:         2       0       0       0       0
      Temps:          0       0       0       0       0
      Totals:         2       0       0       0       0
Total ram usage:        2 bytes
 Hardware stack levels used:    1
 This function calls:
		Nothing
 This function is called by:
		_set_beep_threshhold
		_thermometer_threshhold_settings
		_time_settings
		_date_settings
 This function uses a non-reentrant model


 *************** function _cold_threshold *****************
 Defined at:
		line 22 in file "threshold_src.c"
 Parameters:    Size  Location     Type
  upper_val       2    3[COMMON] int 
  lower_val       2    5[COMMON] int 
 Auto vars:     Size  Location     Type
		None
 Return value:  Size  Location     Type
                  1    wreg      unsigned char 
 Registers used:
		wreg, status,2, status,0, btemp+1, pclath, cstack
 Tracked objects:
		On entry : 
		On exit  : 
		Unchanged: 
 Data sizes:     COMMON   BANK0   BANK1   BANK3   BANK2
      Params:         4       0       0       0       0
      Locals:         0       0       0       0       0
      Temps:          1       0       0       0       0
      Totals:         5       0       0       0       0
Total ram usage:        5 bytes
 Hardware stack levels used:    1
 Hardware stack levels required when called:    2
 This function calls:
		_write_char
 This function is called by:
		_main
 This function uses a non-reentrant model


 *************** function _write_char *****************
 Defined at:
		line 28 in file "LCD_src.c"
 Parameters:    Size  Location     Type
  x               1    wreg     unsigned char 
 Auto vars:     Size  Location     Type
  x               1    2[COMMON] unsigned char 
  i               2    0        int 
 Return value:  Size  Location     Type
                  1    wreg      void 
 Registers used:
		wreg, status,2, status,0, btemp+1, pclath, cstack
 Tracked objects:
		On entry : 
		On exit  : 
		Unchanged: 
 Data sizes:     COMMON   BANK0   BANK1   BANK3   BANK2
      Params:         0       0       0       0       0
      Locals:         1       0       0       0       0
      Temps:          0       0       0       0       0
      Totals:         1       0       0       0       0
Total ram usage:        1 bytes
 Hardware stack levels used:    1
 Hardware stack levels required when called:    1
 This function calls:
		_delay_screen
 This function is called by:
		_main
		_display_temp
		_display_clock
		_display_date
		_thermometer_threshhold_settings
		_time_settings
		_date_settings
		_set_upper_threshold
		_cold_threshold
		_set_lower_threshold
		_reset_alarm
		_display_day
 This function uses a non-reentrant model


 *************** function _delay_screen *****************
 Defined at:
		line 70 in file "LCD_src.c"
 Parameters:    Size  Location     Type
		None
 Auto vars:     Size  Location     Type
  i               2    0[COMMON] int 
 Return value:  Size  Location     Type
                  1    wreg      void 
 Registers used:
		wreg, status,2, btemp+1
 Tracked objects:
		On entry : 
		On exit  : 
		Unchanged: 
 Data sizes:     COMMON   BANK0   BANK1   BANK3   BANK2
      Params:         0       0       0       0       0
      Locals:         2       0       0       0       0
      Temps:          0       0       0       0       0
      Totals:         2       0       0       0       0
Total ram usage:        2 bytes
 Hardware stack levels used:    1
 This function calls:
		Nothing
 This function is called by:
		_lcd_init
		_write_char
		_write_cmd
 This function uses a non-reentrant model



MODULE INFORMATION

Module		Function		Class		Link	Load	Size
threshold_src.c
		_set_lower_threshold		CODE           	1502	0000	74
		_set_upper_threshold		CODE           	1596	0000	88
		_reset_alarm   		CODE           	1399	0000	46
		_cold_threshold		CODE           	15ED	0000	104

threshold_src.c estimated size: 312

C:\Program Files (x86)\Microchip\xc8\v2.10\pic\sources\c90\common\lwdiv.c
		___lwdiv       		CODE           	14C6	0000	61

C:\Program Files (x86)\Microchip\xc8\v2.10\pic\sources\c90\common\lwdiv.c estimated size: 61

Thermometer_src.c
		_get_temp      		CODE           	16F9	0000	264
		_display_temp  		CODE           	1273	0000	34
		_delay2        		CODE           	1200	0000	21
		_read_byte     		CODE           	1428	0000	53
		_reset_temp    		CODE           	145C	0000	53
		_delay_temp    		CODE           	118B	0000	15
		_write_byte    		CODE           	1490	0000	55
		_init_temp     		CODE           	1176	0000	6

Thermometer_src.c estimated size: 501

buzzer_src.c
		_set_beep_threshhold		CODE           	1256	0000	30

buzzer_src.c estimated size: 30

C:\Program Files (x86)\Microchip\xc8\v2.10\pic\sources\c90\common\lbmod.c
		___lbmod       		CODE           	12B5	0000	36

C:\Program Files (x86)\Microchip\xc8\v2.10\pic\sources\c90\common\lbmod.c estimated size: 36

math_src.c
		_incrementor   		CODE           	12FB	0000	37
		_time_date_hex_terminator		CODE           	1199	0000	16
		_time_date_delimiter		CODE           	08A0	0000	344
		_modulus_func  		CODE           	11B7	0000	17

math_src.c estimated size: 414

clock_src.c
		_time_read_1   		CODE           	13C6	0000	49
		_display_date  		CODE           	0803	0000	158
		_display_clock 		CODE           	1654	0000	166
		_get_time      		CODE           	136D	0000	45
		_set_time      		CODE           	1345	0000	41
		_time_write_1  		CODE           	131F	0000	39
		_ds1302_init   		CODE           	11A8	0000	16

clock_src.c estimated size: 514

Button_src.c
		_thermometer_threshhold_settings		CODE           	0BE5	0000	1052
		_date_settings 		CODE           	0385	0000	1116
		_time_settings 		CODE           	0086	0000	768
		_initialise_buttons		CODE           	1214	0000	21
		_button_delay  		CODE           	11EC	0000	21

Button_src.c estimated size: 2978

LCD_src.c
		_init          		CODE           	117B	0000	9
		_write_cmd     		CODE           	123F	0000	24
		_write_char    		CODE           	1228	0000	24
		_lcd_init      		CODE           	12D8	0000	36
		_delay_screen  		CODE           	11D8	0000	21

LCD_src.c estimated size: 114

C:\Program Files (x86)\Microchip\xc8\v2.10\pic\sources\c90\common\lbdiv.c
		___lbdiv       		CODE           	1294	0000	34

C:\Program Files (x86)\Microchip\xc8\v2.10\pic\sources\c90\common\lbdiv.c estimated size: 34

shared
		__initialization		CODE           	07E0	0000	29

shared estimated size: 29

Day_of_week_src.c
		_display_day   		CODE           	000D	0000	122

Day_of_week_src.c estimated size: 122

C:\Program Files (x86)\Microchip\xc8\v2.10\pic\sources\c90\common\lwmod.c
		___lwmod       		CODE           	13F6	0000	51

C:\Program Files (x86)\Microchip\xc8\v2.10\pic\sources\c90\common\lwmod.c estimated size: 51

mainLogic.c
		_main          		CODE           	09F7	0000	495

mainLogic.c estimated size: 495

C:\Program Files (x86)\Microchip\xc8\v2.10\pic\sources\c90\common\awmod.c
		___awmod       		CODE           	154B	0000	76

C:\Program Files (x86)\Microchip\xc8\v2.10\pic\sources\c90\common\awmod.c estimated size: 76

