Microchip MPLAB XC8 Compiler V2.10 ()

Linker command line:

-W-3 --edf=C:\Program Files (x86)\Microchip\xc8\v2.10\pic\dat\en_msgs.txt \
  -cs -h+dist/default/production\GreenHouseProjectTest.X.production.sym \
  --cmf=dist/default/production\GreenHouseProjectTest.X.production.cmf -z \
  -Q16F877A -oC:\Users\scowt\AppData\Local\Temp\s7b8.2 \
  --defsym=__MPLAB_BUILD=1 \
  -Mdist/default/production/GreenHouseProjectTest.X.production.map -E1 \
  -ver=XC8 --acfsm=1493 -ASTACK=0110h-016Fh -pstack=STACK \
  -ACODE=00h-07FFhx4 -ASTRCODE=00h-01FFFh -ASTRING=00h-0FFhx32 \
  -ACONST=00h-0FFhx32 -AENTRY=00h-0FFhx32 -ACOMMON=070h-07Fh \
  -ABANK0=020h-06Fh -ABANK1=0A0h-0EFh -ABANK2=0110h-016Fh \
  -ABANK3=0190h-01EFh -ARAM=020h-06Fh,0A0h-0EFh,0110h-016Fh,0190h-01EFh \
  -AABS1=020h-07Fh,0A0h-0EFh,0110h-016Fh,0190h-01EFh -ASFR0=00h-01Fh \
  -ASFR1=080h-09Fh -ASFR2=0100h-010Fh -ASFR3=0180h-018Fh \
  -preset_vec=00h,intentry,init,end_init -ppowerup=CODE -pcinit=CODE \
  -pfunctab=ENTRY -ACONFIG=02007h-02007h -pconfig=CONFIG -DCONFIG=2 \
  -AIDLOC=02000h-02003h -pidloc=IDLOC -DIDLOC=2 -AEEDATA=00h-0FFh/02100h \
  -peeprom_data=EEDATA -DEEDATA=2 -DCODE=2 -DSTRCODE=2 -DSTRING=2 -DCONST=2 \
  -DENTRY=2 -k C:\Users\scowt\AppData\Local\Temp\s7b8.o \
  dist/default/production\GreenHouseProjectTest.X.production.o 

Object code version is 3.11

Machine type is 16F877A



                Name                               Link     Load   Length Selector   Space Scale
C:\Users\scowt\AppData\Local\Temp\s7b8.o
                end_init                              0        0        3        0       0
                config                             2007     2007        1     400E       0
dist/default/production\GreenHouseProjectTest.X.production.o
                cinit                               7E0      7E0       20      FC0       0
                text40                             1399     1399       14     2732       0
                text39                             13E9     13E9       17     27D2       0
                text38                             1715     1715       4E     2E2A       0
                text37                             13AD     13AD       14     275A       0
                text36                             16CA     16CA       4B     2D94       0
                text35                             1378     1378       10     26F0       0
                text34                             14BC     14BC       24     2978       0
                text33                             14E0     14E0       26     29C0       0
                text32                             1506     1506       28     2A0C       0
                text31                              A3C      A3C      157     1478       0
                text30                             135A     135A        F     26B4       0
                text29                             1400     1400       17     2800       0
                text28                              385      385      45B      70A       0
                text27                              890      890       A5     1120       0
                text26                             1763     1763       9D     2EC6       0
                text25                                D        D       79       1A       0
                text24                             1434     1434       21     2868       0
                text23                             1369     1369        F     26D2       0
                text22                             1455     1455       21     28AA       0
                text21                             1476     1476       23     28EC       0
                text20                              800      800       3C      FC0       0
                text19                             15B6     15B6       32     2B6C       0
                text18                             13C1     13C1       14     2782       0
                text17                             134C     134C        E     2698       0
                text16                             15E8     15E8       34     2BD0       0
                text15                             161C     161C       34     2C38       0
                text14                             1650     1650       36     2CA0       0
                text13                              935      935      107     126A       0
                text12                             1586     1586       30     2B0C       0
                text11                             152E     152E       2C     2A5C       0
                text10                             133C     133C        8     2678       0
                text9                              1337     1337        5     266E       0
                text8                              13D5     13D5       14     27AA       0
                text7                              1499     1499       23     2932       0
                text6                              155A     155A       2C     2AB4       0
                text5                              1417     1417       1D     282E       0
                text4                              1686     1686       44     2D0C       0
                text3                               83C      83C       54     1078       0
                text2                               D7F      D7F      281     1AFE       0
                text1                                86       86      2FF      10C       0
                maintext                            B93      B93      1EC     1726       0
                cstackBANK0                          60       60        F       20       1
                cstackCOMMON                         70       70        E       70       1
                clrtext                            1344     1344        8     2688       0
                inittext                           1388     1388       11     2710       0
                dataBANK1                            B3       B3        8       A0       1
                bssBANK1                             A0       A0       13       A0       1
                bssBANK0                             20       20       40       20       1
                idataBANK1                            5        5        8        A       0

TOTAL           Name                               Link     Load   Length     Space
        CLASS   STACK          

        CLASS   CODE           
                end_init                              0        0        3         0
                cinit                               7E0      7E0       20         0
                text40                             1399     1399       14         0
                text39                             13E9     13E9       17         0
                text38                             1715     1715       4E         0
                text37                             13AD     13AD       14         0
                text36                             16CA     16CA       4B         0
                text35                             1378     1378       10         0
                text34                             14BC     14BC       24         0
                text33                             14E0     14E0       26         0
                text32                             1506     1506       28         0
                text31                              A3C      A3C      157         0
                text30                             135A     135A        F         0
                text29                             1400     1400       17         0
                text28                              385      385      45B         0
                text27                              890      890       A5         0
                text26                             1763     1763       9D         0
                text25                                D        D       79         0
                text24                             1434     1434       21         0
                text23                             1369     1369        F         0
                text22                             1455     1455       21         0
                text21                             1476     1476       23         0
                text20                              800      800       3C         0
                text19                             15B6     15B6       32         0
                text18                             13C1     13C1       14         0
                text17                             134C     134C        E         0
                text16                             15E8     15E8       34         0
                text15                             161C     161C       34         0
                text14                             1650     1650       36         0
                text13                              935      935      107         0
                text12                             1586     1586       30         0
                text11                             152E     152E       2C         0
                text10                             133C     133C        8         0
                text9                              1337     1337        5         0
                text8                              13D5     13D5       14         0
                text7                              1499     1499       23         0
                text6                              155A     155A       2C         0
                text5                              1417     1417       1D         0
                text4                              1686     1686       44         0
                text3                               83C      83C       54         0
                text2                               D7F      D7F      281         0
                text1                                86       86      2FF         0
                maintext                            B93      B93      1EC         0
                clrtext                            1344     1344        8         0
                inittext                           1388     1388       11         0
                idataBANK1                            5        5        8         0

        CLASS   STRCODE        

        CLASS   STRING         

        CLASS   CONST          

        CLASS   ENTRY          

        CLASS   COMMON         
                cstackCOMMON                         70       70        E         1

        CLASS   BANK0          
                cstackBANK0                          60       60        F         1
                bssBANK0                             20       20       40         1

        CLASS   BANK1          
                dataBANK1                            B3       B3        8         1
                bssBANK1                             A0       A0       13         1

        CLASS   BANK2          

        CLASS   BANK3          

        CLASS   RAM            

        CLASS   ABS1           
                abs_s1                               7E       7E        2         1

        CLASS   SFR0           

        CLASS   SFR1           

        CLASS   SFR2           

        CLASS   SFR3           

        CLASS   CONFIG         
                config                             2007     2007        1         0

        CLASS   IDLOC          

        CLASS   EEDATA         



SEGMENTS        Name                           Load    Length   Top    Selector   Space  Class     Delta

                reset_vec                      000000  000003  000003         0       0  CODE        2
                idataBANK1                     000005  000008  00000D         A       0  CODE        2
                text25                         00000D  000079  000086        1A       0  CODE        2
                bssBANK0                       000020  00004F  00006F        20       1  BANK0       1
                cstackCOMMON                   000070  00000E  00007E        70       1  COMMON      1
                bssBANK1                       0000A0  00001B  0000BB        A0       1  BANK1       1
                text1                          000086  0002FF  000385       10C       0  CODE        2
                text28                         000385  00045B  0007E0       70A       0  CODE        2
                cinit                          0007E0  00005C  00083C       FC0       0  CODE        2
                text3                          00083C  000054  000890      1078       0  CODE        2
                text27                         000890  0000A5  000935      1120       0  CODE        2
                text13                         000935  000107  000A3C      126A       0  CODE        2
                text31                         000A3C  000157  000B93      1478       0  CODE        2
                maintext                       000B93  0001EC  000D7F      1726       0  CODE        2
                text2                          000D7F  000281  001000      1AFE       0  CODE        2
                text9                          001337  000005  00133C      266E       0  CODE        2
                text10                         00133C  000008  001344      2678       0  CODE        2
                clrtext                        001344  000008  00134C      2688       0  CODE        2
                text17                         00134C  00000E  00135A      2698       0  CODE        2
                text30                         00135A  00000F  001369      26B4       0  CODE        2
                text23                         001369  00000F  001378      26D2       0  CODE        2
                text35                         001378  000010  001388      26F0       0  CODE        2
                inittext                       001388  000011  001399      2710       0  CODE        2
                text40                         001399  000014  0013AD      2732       0  CODE        2
                text37                         0013AD  000014  0013C1      275A       0  CODE        2
                text18                         0013C1  000014  0013D5      2782       0  CODE        2
                text8                          0013D5  000014  0013E9      27AA       0  CODE        2
                text39                         0013E9  000017  001400      27D2       0  CODE        2
                text29                         001400  000017  001417      2800       0  CODE        2
                text5                          001417  00001D  001434      282E       0  CODE        2
                text24                         001434  000021  001455      2868       0  CODE        2
                text22                         001455  000021  001476      28AA       0  CODE        2
                text21                         001476  000023  001499      28EC       0  CODE        2
                text7                          001499  000023  0014BC      2932       0  CODE        2
                text34                         0014BC  000024  0014E0      2978       0  CODE        2
                text33                         0014E0  000026  001506      29C0       0  CODE        2
                text32                         001506  000028  00152E      2A0C       0  CODE        2
                text11                         00152E  00002C  00155A      2A5C       0  CODE        2
                text6                          00155A  00002C  001586      2AB4       0  CODE        2
                text12                         001586  000030  0015B6      2B0C       0  CODE        2
                text19                         0015B6  000032  0015E8      2B6C       0  CODE        2
                text16                         0015E8  000034  00161C      2BD0       0  CODE        2
                text15                         00161C  000034  001650      2C38       0  CODE        2
                text14                         001650  000036  001686      2CA0       0  CODE        2
                text4                          001686  000044  0016CA      2D0C       0  CODE        2
                text36                         0016CA  00004B  001715      2D94       0  CODE        2
                text38                         001715  00004E  001763      2E2A       0  CODE        2
                text26                         001763  00009D  001800      2EC6       0  CODE        2
                config                         002007  000001  002008      400E       0  CONFIG      2


UNUSED ADDRESS RANGES

        Name                Unused          Largest block    Delta
        BANK0            006F-006F              1           1
        BANK1            00BB-00EF             35           1
        BANK2            0110-016F             60           1
        BANK3            0190-01EF             60           1
        CODE             0003-0004              2           2
                         1000-1336            337
                         1800-1FFF            800
        CONST            0003-0004              2           2
                         1000-1336            100
                         1800-1FFF            100
        EEDATA           2100-21FF            100           2
        ENTRY            0003-0004              2           2
                         1000-1336            100
                         1800-1FFF            100
        IDLOC            2000-2003              4           2
        RAM              006F-006F              1           1
                         00BB-00EF             35
                         0110-016F             60
                         0190-01EF             60
        SFR0             0000-001F             20           1
        SFR1             0080-009F             20           1
        SFR2             0100-010F             10           1
        SFR3             0180-018F             10           1
        STACK            0110-016F             60           1
        STRCODE          0003-0004              2           2
                         1000-1336            337
                         1800-1FFF            800
        STRING           0003-0004              2           2
                         1000-1336            100
                         1800-1FFF            100

                                  Symbol Table

?___awmod                                 cstackCOMMON 0070
?___lwdiv                                 cstackCOMMON 0076
?___lwmod                                 cstackCOMMON 0070
?_modulus_func                            cstackCOMMON 0077
_ADCON1                                   (abs)        009F
_OPTION_REG                               (abs)        0081
_PORTD                                    (abs)        0008
_PORTE                                    (abs)        0009
_RA0                                      (abs)        0028
_RA2                                      (abs)        002A
_RA3                                      (abs)        002B
_RA4                                      (abs)        002C
_RA5                                      (abs)        002D
_RB0                                      (abs)        0030
_RB1                                      (abs)        0031
_RB4                                      (abs)        0034
_RB5                                      (abs)        0035
_RC0                                      (abs)        0038
_RC1                                      (abs)        0039
_RC2                                      (abs)        003A
_RC3                                      (abs)        003B
_RC4                                      (abs)        003C
_RC6                                      (abs)        003E
_RC7                                      (abs)        003F
_RE0                                      (abs)        0048
_RE2                                      (abs)        004A
_THV                                      bssBANK0     005E
_TLV                                      bssBANK0     005F
_TRISA                                    (abs)        0085
_TRISA0                                   (abs)        0428
_TRISB                                    (abs)        0086
_TRISB4                                   (abs)        0434
_TRISC                                    (abs)        0087
_TRISD                                    (abs)        0088
_TRISE                                    (abs)        0089
_TRISE0                                   (abs)        0448
_TX                                       bssBANK0     005C
_TZ                                       bssBANK0     005D
__CFG_BOREN$OFF                           (abs)        0000
__CFG_FOSC$HS                             (abs)        0000
__CFG_LVP$OFF                             (abs)        0000
__CFG_PWRTE$ON                            (abs)        0000
__CFG_WDTE$OFF                            (abs)        0000
__Habs1                                   abs1         0000
__Hbank0                                  bank0        0000
__Hbank1                                  bank1        0000
__Hbank2                                  bank2        0000
__Hbank3                                  bank3        0000
__HbssBANK0                               bssBANK0     0000
__HbssBANK1                               bssBANK1     0000
__Hcinit                                  cinit        0800
__Hclrtext                                clrtext      0000
__Hcode                                   code         0000
__Hcommon                                 common       0000
__Hconfig                                 config       2008
__HcstackBANK0                            cstackBANK0  0000
__HcstackCOMMON                           cstackCOMMON 0000
__HdataBANK1                              dataBANK1    0000
__Heeprom_data                            eeprom_data  0000
__Hend_init                               end_init     0003
__Hfunctab                                functab      0000
__HidataBANK1                             idataBANK1   0000
__Hidloc                                  idloc        0000
__Hinit                                   init         0000
__Hinittext                               inittext     0000
__Hintentry                               intentry     0000
__Hmaintext                               maintext     0000
__Hpowerup                                powerup      0000
__Hram                                    ram          0000
__Hreset_vec                              reset_vec    0000
__Hsfr0                                   sfr0         0000
__Hsfr1                                   sfr1         0000
__Hsfr2                                   sfr2         0000
__Hsfr3                                   sfr3         0000
__Hspace_0                                (abs)        2008
__Hspace_1                                (abs)        00BB
__Hspace_2                                (abs)        0000
__Hspace_3                                (abs)        0000
__Hstack                                  stack        0000
__Hstrings                                strings      0000
__Htext                                   text         0000
__Labs1                                   abs1         0000
__Lbank0                                  bank0        0000
__Lbank1                                  bank1        0000
__Lbank2                                  bank2        0000
__Lbank3                                  bank3        0000
__LbssBANK0                               bssBANK0     0000
__LbssBANK1                               bssBANK1     0000
__Lcinit                                  cinit        07E0
__Lclrtext                                clrtext      0000
__Lcode                                   code         0000
__Lcommon                                 common       0000
__Lconfig                                 config       2007
__LcstackBANK0                            cstackBANK0  0000
__LcstackCOMMON                           cstackCOMMON 0000
__LdataBANK1                              dataBANK1    0000
__Leeprom_data                            eeprom_data  0000
__Lend_init                               end_init     0000
__Lfunctab                                functab      0000
__LidataBANK1                             idataBANK1   0000
__Lidloc                                  idloc        0000
__Linit                                   init         0000
__Linittext                               inittext     0000
__Lintentry                               intentry     0000
__Lmaintext                               maintext     0000
__Lpowerup                                powerup      0000
__Lram                                    ram          0000
__Lreset_vec                              reset_vec    0000
__Lsfr0                                   sfr0         0000
__Lsfr1                                   sfr1         0000
__Lsfr2                                   sfr2         0000
__Lsfr3                                   sfr3         0000
__Lspace_0                                (abs)        0000
__Lspace_1                                (abs)        0000
__Lspace_2                                (abs)        0000
__Lspace_3                                (abs)        0000
__Lstack                                  stack        0000
__Lstrings                                strings      0000
__Ltext                                   text         0000
__S0                                      (abs)        2008
__S1                                      (abs)        00BB
__S2                                      (abs)        0000
__S3                                      (abs)        0000
___awmod                                  text36       16CA
___awmod@counter                          cstackCOMMON 0075
___awmod@dividend                         cstackCOMMON 0072
___awmod@divisor                          cstackCOMMON 0070
___awmod@sign                             cstackCOMMON 0076
___int_sp                                 stack        0000
___latbits                                (abs)        0002
___lbdiv                                  text22       1455
___lbdiv@counter                          cstackCOMMON 0073
___lbdiv@dividend                         cstackCOMMON 0072
___lbdiv@divisor                          cstackCOMMON 0070
___lbdiv@quotient                         cstackCOMMON 0074
___lbmod                                  text21       1476
___lbmod@counter                          cstackCOMMON 0075
___lbmod@dividend                         cstackCOMMON 0074
___lbmod@divisor                          cstackCOMMON 0070
___lbmod@rem                              cstackCOMMON 0076
___lwdiv                                  text20       0800
___lwdiv@counter                          cstackCOMMON 007D
___lwdiv@dividend                         cstackCOMMON 0078
___lwdiv@divisor                          cstackCOMMON 0076
___lwdiv@quotient                         cstackCOMMON 007B
___lwmod                                  text19       15B6
___lwmod@counter                          cstackCOMMON 0075
___lwmod@dividend                         cstackCOMMON 0072
___lwmod@divisor                          cstackCOMMON 0070
___sp                                     stack        0000
___stackhi                                (abs)        0000
___stacklo                                (abs)        0000
__end_of___awmod                          text36       1715
__end_of___lbdiv                          text22       1476
__end_of___lbmod                          text21       1499
__end_of___lwdiv                          text20       083C
__end_of___lwmod                          text19       15E8
__end_of__initialization                  cinit        07FC
__end_of_button_delay                     text37       13C1
__end_of_cold_threshold                   text38       1763
__end_of_date_settings                    text28       07E0
__end_of_delay2                           text18       13D5
__end_of_delay_screen                     text40       13AD
__end_of_delay_temp                       text17       135A
__end_of_display_clock                    text27       0935
__end_of_display_date                     text26       1800
__end_of_display_day                      text25       0086
__end_of_display_temp                     text24       1455
__end_of_ds1302_init                      text23       1378
__end_of_get_temp                         text13       0A3C
__end_of_get_time                         text11       155A
__end_of_incrementor                      text34       14E0
__end_of_init                             text10       1344
__end_of_init_temp                        text9        133C
__end_of_initialise_buttons               text8        13E9
__end_of_lcd_init                         text7        14BC
__end_of_main                             maintext     0D7F
__end_of_modulus_func                     text35       1388
__end_of_read_byte                        text16       161C
__end_of_reset_alarm                      text6        1586
__end_of_reset_temp                       text15       1650
__end_of_set_beep_threshhold              text5        1434
__end_of_set_lower_threshold              text4        16CA
__end_of_set_time                         text32       152E
__end_of_set_upper_threshold              text3        0890
__end_of_thermometer_threshhold_settings  text2        1000
__end_of_time_date_delimiter              text31       0B93
__end_of_time_date_hex_terminator         text30       1369
__end_of_time_read_1                      text12       15B6
__end_of_time_settings                    text1        0385
__end_of_time_write_1                     text33       1506
__end_of_write_byte                       text14       1686
__end_of_write_char                       text39       1400
__end_of_write_cmd                        text29       1417
__initialization                          cinit        07E0
__pbssBANK0                               bssBANK0     0020
__pbssBANK1                               bssBANK1     00A0
__pcstackBANK0                            cstackBANK0  0060
__pcstackCOMMON                           cstackCOMMON 0070
__pdataBANK1                              dataBANK1    00B3
__pidataBANK1                             idataBANK1   0005
__pmaintext                               maintext     0B93
__ptext1                                  text1        0086
__ptext10                                 text10       133C
__ptext11                                 text11       152E
__ptext12                                 text12       1586
__ptext13                                 text13       0935
__ptext14                                 text14       1650
__ptext15                                 text15       161C
__ptext16                                 text16       15E8
__ptext17                                 text17       134C
__ptext18                                 text18       13C1
__ptext19                                 text19       15B6
__ptext2                                  text2        0D7F
__ptext20                                 text20       0800
__ptext21                                 text21       1476
__ptext22                                 text22       1455
__ptext23                                 text23       1369
__ptext24                                 text24       1434
__ptext25                                 text25       000D
__ptext26                                 text26       1763
__ptext27                                 text27       0890
__ptext28                                 text28       0385
__ptext29                                 text29       1400
__ptext3                                  text3        083C
__ptext30                                 text30       135A
__ptext31                                 text31       0A3C
__ptext32                                 text32       1506
__ptext33                                 text33       14E0
__ptext34                                 text34       14BC
__ptext35                                 text35       1378
__ptext36                                 text36       16CA
__ptext37                                 text37       13AD
__ptext38                                 text38       1715
__ptext39                                 text39       13E9
__ptext4                                  text4        1686
__ptext40                                 text40       1399
__ptext5                                  text5        1417
__ptext6                                  text6        155A
__ptext7                                  text7        1499
__ptext8                                  text8        13D5
__ptext9                                  text9        1337
__size_of___awmod                         (abs)        0000
__size_of___lbdiv                         (abs)        0000
__size_of___lbmod                         (abs)        0000
__size_of___lwdiv                         (abs)        0000
__size_of___lwmod                         (abs)        0000
__size_of_button_delay                    (abs)        0000
__size_of_cold_threshold                  (abs)        0000
__size_of_date_settings                   (abs)        0000
__size_of_delay2                          (abs)        0000
__size_of_delay_screen                    (abs)        0000
__size_of_delay_temp                      (abs)        0000
__size_of_display_clock                   (abs)        0000
__size_of_display_date                    (abs)        0000
__size_of_display_day                     (abs)        0000
__size_of_display_temp                    (abs)        0000
__size_of_ds1302_init                     (abs)        0000
__size_of_get_temp                        (abs)        0000
__size_of_get_time                        (abs)        0000
__size_of_incrementor                     (abs)        0000
__size_of_init                            (abs)        0000
__size_of_init_temp                       (abs)        0000
__size_of_initialise_buttons              (abs)        0000
__size_of_lcd_init                        (abs)        0000
__size_of_main                            (abs)        0000
__size_of_modulus_func                    (abs)        0000
__size_of_read_byte                       (abs)        0000
__size_of_reset_alarm                     (abs)        0000
__size_of_reset_temp                      (abs)        0000
__size_of_set_beep_threshhold             (abs)        0000
__size_of_set_lower_threshold             (abs)        0000
__size_of_set_time                        (abs)        0000
__size_of_set_upper_threshold             (abs)        0000
__size_of_thermometer_threshhold_settings (abs)        0000
__size_of_time_date_delimiter             (abs)        0000
__size_of_time_date_hex_terminator        (abs)        0000
__size_of_time_read_1                     (abs)        0000
__size_of_time_settings                   (abs)        0000
__size_of_time_write_1                    (abs)        0000
__size_of_write_byte                      (abs)        0000
__size_of_write_char                      (abs)        0000
__size_of_write_cmd                       (abs)        0000
_a                                        bssBANK0     004A
_alarm__                                  bssBANK0     004D
_b                                        bssBANK0     0049
_baifen                                   bssBANK0     0058
_button_delay                             text37       13AD
_buzzer_watcher                           bssBANK0     0053
_c                                        bssBANK0     0048
_cold_counter                             bssBANK1     00B1
_cold_high                                bssBANK0     0034
_cold_low                                 bssBANK0     0032
_cold_threshold                           text38       1715
_cooler_state                             bssBANK0     0050
_count                                    bssBANK0     003A
_date_settings                            text28       0385
_day_counter                              bssBANK1     00A7
_day_hex                                  bssBANK0     0047
_day_high                                 bssBANK0     0024
_day_low                                  bssBANK0     0026
_delay2                                   text18       13C1
_delay_screen                             text40       1399
_delay_temp                               text17       134C
_display_clock                            text27       0890
_display_date                             text26       1763
_display_day                              text25       000D
_display_temp                             text24       1434
_ds1302_init                              text23       1369
_ge                                       bssBANK0     005A
_get_temp                                 text13       0935
_get_time                                 text11       152E
_heat_counter                             bssBANK0     003C
_heater_state                             bssBANK0     0051
_incrementor                              text34       14BC
_init                                     text10       133C
_init_temp                                text9        1337
_initialise_buttons                       text8        13D5
_lcd_init                                 text7        1499
_main                                     maintext     0B93
_modulus_func                             text35       1378
_p                                        bssBANK0     0020
_prev_hex                                 bssBANK0     0045
_prev_hex_day                             bssBANK0     0044
_prev_hex_hours                           bssBANK0     0042
_prev_hex_mins                            bssBANK0     0041
_prev_hex_year                            bssBANK0     0043
_qianfen                                  bssBANK0     0057
_read_byte                                text16       15E8
_reset_alarm                              text6        155A
_reset_temp                               text15       161C
_set_beep_threshhold                      text5        1417
_set_lower_threshold                      text4        1686
_set_time                                 text32       1506
_set_upper_threshold                      text3        083C
_shi                                      bssBANK0     005B
_shifen                                   bssBANK0     0059
_stats                                    bssBANK0     0022
_t                                        bssBANK0     0030
_table                                    dataBANK1    00B3
_table1                                   bssBANK1     00A0
_temp_high                                bssBANK0     004B
_temp_low                                 bssBANK0     004C
_thermometer_threshhold_settings          text2        0D7F
_time_date_delimiter                      text31       0A3C
_time_date_hex_terminator                 text30       135A
_time_read_1                              text12       1586
_time_settings                            text1        0086
_time_write_1                             text33       14E0
_var1                                     bssBANK0     004F
_var2                                     bssBANK0     004E
_var_night_high                           bssBANK0     0036
_var_night_low                            bssBANK0     0038
_w                                        bssBANK0     002E
_wanfen                                   bssBANK0     0056
_wd                                       bssBANK0     003E
_write_byte                               text14       1650
_write_char                               text39       13E9
_write_cmd                                text29       1400
_x                                        bssBANK0     002C
_y                                        bssBANK0     002A
_z                                        bssBANK0     0028
btemp                                     (abs)        007E
button_delay@i                            cstackCOMMON 0070
clear_ram0                                clrtext      1344
cold_threshold@lower_val                  cstackCOMMON 0075
cold_threshold@upper_val                  cstackCOMMON 0073
delay2@i                                  cstackCOMMON 0070
delay_screen@i                            cstackCOMMON 0070
delay_temp@x                              cstackCOMMON 0072
delay_temp@y                              cstackCOMMON 0070
delay_temp@z                              cstackCOMMON 0073
display_clock@i                           cstackCOMMON 0075
display_date@i                            cstackCOMMON 0075
display_day@num                           cstackCOMMON 0073
end_of_initialization                     cinit        07FC
get_time@i                                cstackCOMMON 0076
incrementor@lower_val                     cstackBANK0  0062
incrementor@upper_val                     cstackBANK0  0060
incrementor@z                             cstackBANK0  0064
init_fetch0                               inittext     1388
init_ram0                                 inittext     138C
intlevel0                                 functab      0000
intlevel1                                 functab      0000
intlevel2                                 functab      0000
intlevel3                                 functab      0000
intlevel4                                 functab      0000
intlevel5                                 functab      0000
main@i                                    cstackBANK0  006D
modulus_func@x                            cstackCOMMON 0077
modulus_func@y                            cstackCOMMON 0079
read_byte@i                               cstackCOMMON 0076
read_byte@j                               bssBANK0     0040
read_byte@value                           cstackCOMMON 0075
reset_temp@presence                       cstackCOMMON 0075
reset_vec                                 reset_vec    0000
set_beep_threshhold@x                     cstackCOMMON 0072
set_lower_threshold@lower_val             cstackCOMMON 0075
set_lower_threshold@upper_val             cstackCOMMON 0073
set_time@i                                cstackCOMMON 0075
set_upper_threshold@lower_val             cstackCOMMON 0075
set_upper_threshold@upper_val             cstackCOMMON 0073
start                                     init         0000
start_initialization                      cinit        07E0
time_date_delimiter@hex                   cstackCOMMON 0070
time_date_delimiter@limiter               cstackCOMMON 0071
time_date_delimiter@type                  cstackCOMMON 0072
time_date_delimiter@val                   cstackCOMMON 0076
time_date_hex_terminator@limiter          cstackCOMMON 0070
time_date_hex_terminator@val              cstackCOMMON 0073
time_read_1@j                             cstackCOMMON 0072
time_read_1@time_rx                       cstackCOMMON 0074
time_write_1@j                            cstackCOMMON 0072
time_write_1@time_tx                      cstackCOMMON 0074
write_byte@i                              cstackCOMMON 0078
write_byte@temp                           cstackCOMMON 0076
write_byte@val                            cstackCOMMON 0077
write_char@x                              cstackCOMMON 0072
write_cmd@x                               cstackCOMMON 0072
wtemp0                                    (abs)        007E


FUNCTION INFORMATION:

 *************** function _main *****************
 Defined at:
		line 10 in file "mainLogic.c"
 Parameters:    Size  Location     Type
		None
 Auto vars:     Size  Location     Type
  i               2   13[BANK0 ] int 
 Return value:  Size  Location     Type
                  1    wreg      void 
 Registers used:
		wreg, fsr0l, fsr0h, status,2, status,0, btemp+1, pclath, cstack
 Tracked objects:
		On entry : 
		On exit  : 
		Unchanged: 
 Data sizes:     COMMON   BANK0   BANK1   BANK3   BANK2
      Params:         0       0       0       0       0
      Locals:         0       2       0       0       0
      Temps:          0       5       0       0       0
      Totals:         0       7       0       0       0
Total ram usage:        7 bytes
 Hardware stack levels required when called:    4
 This function calls:
		_cold_threshold
		_date_settings
		_display_clock
		_display_date
		_display_day
		_display_temp
		_ds1302_init
		_get_temp
		_get_time
		_init
		_init_temp
		_initialise_buttons
		_lcd_init
		_modulus_func
		_reset_alarm
		_set_beep_threshhold
		_set_lower_threshold
		_set_time
		_set_upper_threshold
		_thermometer_threshhold_settings
		_time_settings
		_write_char
		_write_cmd
 This function is called by:
		Startup code after reset
 This function uses a non-reentrant model


 *************** function _time_settings *****************
 Defined at:
		line 233 in file "Button_src.c"
 Parameters:    Size  Location     Type
		None
 Auto vars:     Size  Location     Type
		None
 Return value:  Size  Location     Type
                  1    wreg      void 
 Registers used:
		wreg, fsr0l, fsr0h, status,2, status,0, btemp+1, pclath, cstack
 Tracked objects:
		On entry : 
		On exit  : 
		Unchanged: 
 Data sizes:     COMMON   BANK0   BANK1   BANK3   BANK2
      Params:         0       0       0       0       0
      Locals:         0       0       0       0       0
      Temps:          0       3       0       0       0
      Totals:         0       3       0       0       0
Total ram usage:        3 bytes
 Hardware stack levels used:    1
 Hardware stack levels required when called:    3
 This function calls:
		_button_delay
		_incrementor
		_modulus_func
		_set_time
		_time_date_delimiter
		_time_date_hex_terminator
		_write_char
		_write_cmd
 This function is called by:
		_main
 This function uses a non-reentrant model


 *************** function _thermometer_threshhold_settings *****************
 Defined at:
		line 23 in file "Button_src.c"
 Parameters:    Size  Location     Type
		None
 Auto vars:     Size  Location     Type
		None
 Return value:  Size  Location     Type
                  1    wreg      void 
 Registers used:
		wreg, status,2, status,0, btemp+1, pclath, cstack
 Tracked objects:
		On entry : 
		On exit  : 
		Unchanged: 
 Data sizes:     COMMON   BANK0   BANK1   BANK3   BANK2
      Params:         0       0       0       0       0
      Locals:         0       0       0       0       0
      Temps:          0       3       0       0       0
      Totals:         0       3       0       0       0
Total ram usage:        3 bytes
 Hardware stack levels used:    1
 Hardware stack levels required when called:    3
 This function calls:
		_button_delay
		_incrementor
		_modulus_func
		_time_date_hex_terminator
		_write_char
		_write_cmd
 This function is called by:
		_main
 This function uses a non-reentrant model


 *************** function _set_upper_threshold *****************
 Defined at:
		line 4 in file "threshold_src.c"
 Parameters:    Size  Location     Type
  upper_val       2    3[COMMON] int 
  lower_val       2    5[COMMON] int 
 Auto vars:     Size  Location     Type
		None
 Return value:  Size  Location     Type
                  1    wreg      unsigned char 
 Registers used:
		wreg, status,2, status,0, btemp+1, pclath, cstack
 Tracked objects:
		On entry : 
		On exit  : 
		Unchanged: 
 Data sizes:     COMMON   BANK0   BANK1   BANK3   BANK2
      Params:         4       0       0       0       0
      Locals:         0       0       0       0       0
      Temps:          1       0       0       0       0
      Totals:         5       0       0       0       0
Total ram usage:        5 bytes
 Hardware stack levels used:    1
 Hardware stack levels required when called:    2
 This function calls:
		_write_char
 This function is called by:
		_main
 This function uses a non-reentrant model


 *************** function _set_lower_threshold *****************
 Defined at:
		line 41 in file "threshold_src.c"
 Parameters:    Size  Location     Type
  upper_val       2    3[COMMON] int 
  lower_val       2    5[COMMON] int 
 Auto vars:     Size  Location     Type
		None
 Return value:  Size  Location     Type
                  1    wreg      unsigned char 
 Registers used:
		wreg, status,2, status,0, btemp+1, pclath, cstack
 Tracked objects:
		On entry : 
		On exit  : 
		Unchanged: 
 Data sizes:     COMMON   BANK0   BANK1   BANK3   BANK2
      Params:         4       0       0       0       0
      Locals:         0       0       0       0       0
      Temps:          1       0       0       0       0
      Totals:         5       0       0       0       0
Total ram usage:        5 bytes
 Hardware stack levels used:    1
 Hardware stack levels required when called:    2
 This function calls:
		_write_char
 This function is called by:
		_main
 This function uses a non-reentrant model


 *************** function _set_beep_threshhold *****************
 Defined at:
		line 5 in file "buzzer_src.c"
 Parameters:    Size  Location     Type
  x               1    wreg     unsigned char 
 Auto vars:     Size  Location     Type
  x               1    2[COMMON] unsigned char 
 Return value:  Size  Location     Type
                  1    wreg      void 
 Registers used:
		wreg, status,2, status,0, btemp+1, pclath, cstack
 Tracked objects:
		On entry : 
		On exit  : 
		Unchanged: 
 Data sizes:     COMMON   BANK0   BANK1   BANK3   BANK2
      Params:         0       0       0       0       0
      Locals:         1       0       0       0       0
      Temps:          0       0       0       0       0
      Totals:         1       0       0       0       0
Total ram usage:        1 bytes
 Hardware stack levels used:    1
 Hardware stack levels required when called:    1
 This function calls:
		_button_delay
 This function is called by:
		_main
 This function uses a non-reentrant model


 *************** function _reset_alarm *****************
 Defined at:
		line 56 in file "threshold_src.c"
 Parameters:    Size  Location     Type
		None
 Auto vars:     Size  Location     Type
		None
 Return value:  Size  Location     Type
                  1    wreg      unsigned char 
 Registers used:
		wreg, status,2, status,0, btemp+1, pclath, cstack
 Tracked objects:
		On entry : 
		On exit  : 
		Unchanged: 
 Data sizes:     COMMON   BANK0   BANK1   BANK3   BANK2
      Params:         0       0       0       0       0
      Locals:         0       0       0       0       0
      Temps:          1       0       0       0       0
      Totals:         1       0       0       0       0
Total ram usage:        1 bytes
 Hardware stack levels used:    1
 Hardware stack levels required when called:    2
 This function calls:
		_write_char
 This function is called by:
		_main
 This function uses a non-reentrant model


 *************** function _lcd_init *****************
 Defined at:
		line 14 in file "LCD_src.c"
 Parameters:    Size  Location     Type
		None
 Auto vars:     Size  Location     Type
  i               2    0        int 
 Return value:  Size  Location     Type
                  1    wreg      void 
 Registers used:
		wreg, status,2, status,0, btemp+1, pclath, cstack
 Tracked objects:
		On entry : 
		On exit  : 
		Unchanged: 
 Data sizes:     COMMON   BANK0   BANK1   BANK3   BANK2
      Params:         0       0       0       0       0
      Locals:         0       0       0       0       0
      Temps:          0       0       0       0       0
      Totals:         0       0       0       0       0
Total ram usage:        0 bytes
 Hardware stack levels used:    1
 Hardware stack levels required when called:    2
 This function calls:
		_delay_screen
		_write_cmd
 This function is called by:
		_main
 This function uses a non-reentrant model


 *************** function _initialise_buttons *****************
 Defined at:
		line 11 in file "Button_src.c"
 Parameters:    Size  Location     Type
		None
 Auto vars:     Size  Location     Type
		None
 Return value:  Size  Location     Type
                  1    wreg      void 
 Registers used:
		wreg, status,2
 Tracked objects:
		On entry : 
		On exit  : 
		Unchanged: 
 Data sizes:     COMMON   BANK0   BANK1   BANK3   BANK2
      Params:         0       0       0       0       0
      Locals:         0       0       0       0       0
      Temps:          0       0       0       0       0
      Totals:         0       0       0       0       0
Total ram usage:        0 bytes
 Hardware stack levels used:    1
 This function calls:
		Nothing
 This function is called by:
		_main
 This function uses a non-reentrant model


 *************** function _init_temp *****************
 Defined at:
		line 6 in file "Thermometer_src.c"
 Parameters:    Size  Location     Type
		None
 Auto vars:     Size  Location     Type
		None
 Return value:  Size  Location     Type
                  1    wreg      void 
 Registers used:
		status,2
 Tracked objects:
		On entry : 
		On exit  : 
		Unchanged: 
 Data sizes:     COMMON   BANK0   BANK1   BANK3   BANK2
      Params:         0       0       0       0       0
      Locals:         0       0       0       0       0
      Temps:          0       0       0       0       0
      Totals:         0       0       0       0       0
Total ram usage:        0 bytes
 Hardware stack levels used:    1
 This function calls:
		Nothing
 This function is called by:
		_main
 This function uses a non-reentrant model


 *************** function _init *****************
 Defined at:
		line 5 in file "LCD_src.c"
 Parameters:    Size  Location     Type
		None
 Auto vars:     Size  Location     Type
		None
 Return value:  Size  Location     Type
                  1    wreg      void 
 Registers used:
		wreg, status,2
 Tracked objects:
		On entry : 
		On exit  : 
		Unchanged: 
 Data sizes:     COMMON   BANK0   BANK1   BANK3   BANK2
      Params:         0       0       0       0       0
      Locals:         0       0       0       0       0
      Temps:          0       0       0       0       0
      Totals:         0       0       0       0       0
Total ram usage:        0 bytes
 Hardware stack levels used:    1
 This function calls:
		Nothing
 This function is called by:
		_main
 This function uses a non-reentrant model


 *************** function _get_time *****************
 Defined at:
		line 23 in file "clock_src.c"
 Parameters:    Size  Location     Type
		None
 Auto vars:     Size  Location     Type
  i               2    6[COMMON] int 
 Return value:  Size  Location     Type
                  1    wreg      void 
 Registers used:
		wreg, fsr0l, fsr0h, status,2, status,0, btemp+1, pclath, cstack
 Tracked objects:
		On entry : 
		On exit  : 
		Unchanged: 
 Data sizes:     COMMON   BANK0   BANK1   BANK3   BANK2
      Params:         0       0       0       0       0
      Locals:         2       0       0       0       0
      Temps:          1       0       0       0       0
      Totals:         3       0       0       0       0
Total ram usage:        3 bytes
 Hardware stack levels used:    1
 Hardware stack levels required when called:    1
 This function calls:
		_time_read_1
		_time_write_1
 This function is called by:
		_main
 This function uses a non-reentrant model


 *************** function _time_read_1 *****************
 Defined at:
		line 130 in file "clock_src.c"
 Parameters:    Size  Location     Type
		None
 Auto vars:     Size  Location     Type
  j               2    2[COMMON] int 
  time_rx         1    4[COMMON] unsigned char 
 Return value:  Size  Location     Type
                  1    wreg      unsigned char 
 Registers used:
		wreg, status,2, status,0, btemp+1
 Tracked objects:
		On entry : 
		On exit  : 
		Unchanged: 
 Data sizes:     COMMON   BANK0   BANK1   BANK3   BANK2
      Params:         0       0       0       0       0
      Locals:         3       0       0       0       0
      Temps:          2       0       0       0       0
      Totals:         5       0       0       0       0
Total ram usage:        5 bytes
 Hardware stack levels used:    1
 This function calls:
		Nothing
 This function is called by:
		_get_time
 This function uses a non-reentrant model


 *************** function _get_temp *****************
 Defined at:
		line 89 in file "Thermometer_src.c"
 Parameters:    Size  Location     Type
		None
 Auto vars:     Size  Location     Type
  i               2    0        int 
 Return value:  Size  Location     Type
                  1    wreg      void 
 Registers used:
		wreg, status,2, status,0, btemp+1, pclath, cstack
 Tracked objects:
		On entry : 
		On exit  : 
		Unchanged: 
 Data sizes:     COMMON   BANK0   BANK1   BANK3   BANK2
      Params:         0       0       0       0       0
      Locals:         0       0       0       0       0
      Temps:          0       4       0       0       0
      Totals:         0       4       0       0       0
Total ram usage:        4 bytes
 Hardware stack levels used:    1
 Hardware stack levels required when called:    2
 This function calls:
		___lbdiv
		___lbmod
		___lwdiv
		___lwmod
		_delay2
		_read_byte
		_reset_temp
		_write_byte
 This function is called by:
		_main
 This function uses a non-reentrant model


 *************** function _write_byte *****************
 Defined at:
		line 40 in file "Thermometer_src.c"
 Parameters:    Size  Location     Type
  val             1    wreg     unsigned char 
 Auto vars:     Size  Location     Type
  val             1    7[COMMON] unsigned char 
  i               1    8[COMMON] unsigned char 
  temp            1    6[COMMON] unsigned char 
 Return value:  Size  Location     Type
                  1    wreg      void 
 Registers used:
		wreg, status,2, status,0, pclath, cstack
 Tracked objects:
		On entry : 
		On exit  : 
		Unchanged: 
 Data sizes:     COMMON   BANK0   BANK1   BANK3   BANK2
      Params:         0       0       0       0       0
      Locals:         3       0       0       0       0
      Temps:          2       0       0       0       0
      Totals:         5       0       0       0       0
Total ram usage:        5 bytes
 Hardware stack levels used:    1
 Hardware stack levels required when called:    1
 This function calls:
		_delay_temp
 This function is called by:
		_get_temp
 This function uses a non-reentrant model


 *************** function _reset_temp *****************
 Defined at:
		line 25 in file "Thermometer_src.c"
 Parameters:    Size  Location     Type
		None
 Auto vars:     Size  Location     Type
  presence        1    5[COMMON] unsigned char 
 Return value:  Size  Location     Type
                  1    wreg      void 
 Registers used:
		wreg, status,2, status,0, pclath, cstack
 Tracked objects:
		On entry : 
		On exit  : 
		Unchanged: 
 Data sizes:     COMMON   BANK0   BANK1   BANK3   BANK2
      Params:         0       0       0       0       0
      Locals:         1       0       0       0       0
      Temps:          1       0       0       0       0
      Totals:         2       0       0       0       0
Total ram usage:        2 bytes
 Hardware stack levels used:    1
 Hardware stack levels required when called:    1
 This function calls:
		_delay_temp
 This function is called by:
		_get_temp
 This function uses a non-reentrant model


 *************** function _read_byte *****************
 Defined at:
		line 62 in file "Thermometer_src.c"
 Parameters:    Size  Location     Type
		None
 Auto vars:     Size  Location     Type
  i               1    6[COMMON] unsigned char 
  value           1    5[COMMON] unsigned char 
 Return value:  Size  Location     Type
                  1    wreg      unsigned char 
 Registers used:
		wreg, status,2, status,0, pclath, cstack
 Tracked objects:
		On entry : 
		On exit  : 
		Unchanged: 
 Data sizes:     COMMON   BANK0   BANK1   BANK3   BANK2
      Params:         0       0       0       0       0
      Locals:         2       0       0       0       0
      Temps:          1       0       0       0       0
      Totals:         3       0       0       0       0
Total ram usage:        3 bytes
 Hardware stack levels used:    1
 Hardware stack levels required when called:    1
 This function calls:
		_delay_temp
 This function is called by:
		_get_temp
 This function uses a non-reentrant model


 *************** function _delay_temp *****************
 Defined at:
		line 121 in file "Thermometer_src.c"
 Parameters:    Size  Location     Type
  x               1    wreg     unsigned char 
  y               1    0[COMMON] unsigned char 
 Auto vars:     Size  Location     Type
  x               1    2[COMMON] unsigned char 
  z               1    3[COMMON] unsigned char 
 Return value:  Size  Location     Type
                  1    wreg      void 
 Registers used:
		wreg, status,2, status,0
 Tracked objects:
		On entry : 
		On exit  : 
		Unchanged: 
 Data sizes:     COMMON   BANK0   BANK1   BANK3   BANK2
      Params:         1       0       0       0       0
      Locals:         2       0       0       0       0
      Temps:          1       0       0       0       0
      Totals:         4       0       0       0       0
Total ram usage:        4 bytes
 Hardware stack levels used:    1
 This function calls:
		Nothing
 This function is called by:
		_reset_temp
		_write_byte
		_read_byte
 This function uses a non-reentrant model


 *************** function _delay2 *****************
 Defined at:
		line 130 in file "Thermometer_src.c"
 Parameters:    Size  Location     Type
		None
 Auto vars:     Size  Location     Type
  i               2    0[COMMON] int 
 Return value:  Size  Location     Type
                  1    wreg      void 
 Registers used:
		wreg, status,2, btemp+1
 Tracked objects:
		On entry : 
		On exit  : 
		Unchanged: 
 Data sizes:     COMMON   BANK0   BANK1   BANK3   BANK2
      Params:         0       0       0       0       0
      Locals:         2       0       0       0       0
      Temps:          0       0       0       0       0
      Totals:         2       0       0       0       0
Total ram usage:        2 bytes
 Hardware stack levels used:    1
 This function calls:
		Nothing
 This function is called by:
		_get_temp
 This function uses a non-reentrant model


 *************** function ___lwmod *****************
 Defined at:
		line 5 in file "C:\Program Files (x86)\Microchip\xc8\v2.10\pic\sources\c90\common\lwmod.c"
 Parameters:    Size  Location     Type
  divisor         2    0[COMMON] unsigned int 
  dividend        2    2[COMMON] unsigned int 
 Auto vars:     Size  Location     Type
  counter         1    5[COMMON] unsigned char 
 Return value:  Size  Location     Type
                  2    0[COMMON] unsigned int 
 Registers used:
		wreg, status,2, status,0
 Tracked objects:
		On entry : 
		On exit  : 
		Unchanged: 
 Data sizes:     COMMON   BANK0   BANK1   BANK3   BANK2
      Params:         4       0       0       0       0
      Locals:         1       0       0       0       0
      Temps:          1       0       0       0       0
      Totals:         6       0       0       0       0
Total ram usage:        6 bytes
 Hardware stack levels used:    1
 This function calls:
		Nothing
 This function is called by:
		_get_temp
 This function uses a non-reentrant model


 *************** function ___lwdiv *****************
 Defined at:
		line 5 in file "C:\Program Files (x86)\Microchip\xc8\v2.10\pic\sources\c90\common\lwdiv.c"
 Parameters:    Size  Location     Type
  divisor         2    6[COMMON] unsigned int 
  dividend        2    8[COMMON] unsigned int 
 Auto vars:     Size  Location     Type
  quotient        2   11[COMMON] unsigned int 
  counter         1   13[COMMON] unsigned char 
 Return value:  Size  Location     Type
                  2    6[COMMON] unsigned int 
 Registers used:
		wreg, status,2, status,0
 Tracked objects:
		On entry : 
		On exit  : 
		Unchanged: 
 Data sizes:     COMMON   BANK0   BANK1   BANK3   BANK2
      Params:         4       0       0       0       0
      Locals:         3       0       0       0       0
      Temps:          1       0       0       0       0
      Totals:         8       0       0       0       0
Total ram usage:        8 bytes
 Hardware stack levels used:    1
 This function calls:
		Nothing
 This function is called by:
		_get_temp
 This function uses a non-reentrant model


 *************** function ___lbmod *****************
 Defined at:
		line 4 in file "C:\Program Files (x86)\Microchip\xc8\v2.10\pic\sources\c90\common\lbmod.c"
 Parameters:    Size  Location     Type
  dividend        1    wreg     unsigned char 
  divisor         1    0[COMMON] unsigned char 
 Auto vars:     Size  Location     Type
  dividend        1    4[COMMON] unsigned char 
  rem             1    6[COMMON] unsigned char 
  counter         1    5[COMMON] unsigned char 
 Return value:  Size  Location     Type
                  1    wreg      unsigned char 
 Registers used:
		wreg, status,2, status,0
 Tracked objects:
		On entry : 
		On exit  : 
		Unchanged: 
 Data sizes:     COMMON   BANK0   BANK1   BANK3   BANK2
      Params:         1       0       0       0       0
      Locals:         3       0       0       0       0
      Temps:          3       0       0       0       0
      Totals:         7       0       0       0       0
Total ram usage:        7 bytes
 Hardware stack levels used:    1
 This function calls:
		Nothing
 This function is called by:
		_get_temp
 This function uses a non-reentrant model


 *************** function ___lbdiv *****************
 Defined at:
		line 4 in file "C:\Program Files (x86)\Microchip\xc8\v2.10\pic\sources\c90\common\lbdiv.c"
 Parameters:    Size  Location     Type
  dividend        1    wreg     unsigned char 
  divisor         1    0[COMMON] unsigned char 
 Auto vars:     Size  Location     Type
  dividend        1    2[COMMON] unsigned char 
  quotient        1    4[COMMON] unsigned char 
  counter         1    3[COMMON] unsigned char 
 Return value:  Size  Location     Type
                  1    wreg      unsigned char 
 Registers used:
		wreg, status,2, status,0
 Tracked objects:
		On entry : 
		On exit  : 
		Unchanged: 
 Data sizes:     COMMON   BANK0   BANK1   BANK3   BANK2
      Params:         1       0       0       0       0
      Locals:         3       0       0       0       0
      Temps:          1       0       0       0       0
      Totals:         5       0       0       0       0
Total ram usage:        5 bytes
 Hardware stack levels used:    1
 This function calls:
		Nothing
 This function is called by:
		_get_temp
 This function uses a non-reentrant model


 *************** function _ds1302_init *****************
 Defined at:
		line 3 in file "clock_src.c"
 Parameters:    Size  Location     Type
		None
 Auto vars:     Size  Location     Type
		None
 Return value:  Size  Location     Type
                  1    wreg      void 
 Registers used:
		wreg, status,2, status,0, btemp+1, pclath, cstack
 Tracked objects:
		On entry : 
		On exit  : 
		Unchanged: 
 Data sizes:     COMMON   BANK0   BANK1   BANK3   BANK2
      Params:         0       0       0       0       0
      Locals:         0       0       0       0       0
      Temps:          0       0       0       0       0
      Totals:         0       0       0       0       0
Total ram usage:        0 bytes
 Hardware stack levels used:    1
 Hardware stack levels required when called:    1
 This function calls:
		_time_write_1
 This function is called by:
		_main
 This function uses a non-reentrant model


 *************** function _display_temp *****************
 Defined at:
		line 12 in file "Thermometer_src.c"
 Parameters:    Size  Location     Type
		None
 Auto vars:     Size  Location     Type
		None
 Return value:  Size  Location     Type
                  1    wreg      void 
 Registers used:
		wreg, status,2, status,0, btemp+1, pclath, cstack
 Tracked objects:
		On entry : 
		On exit  : 
		Unchanged: 
 Data sizes:     COMMON   BANK0   BANK1   BANK3   BANK2
      Params:         0       0       0       0       0
      Locals:         0       0       0       0       0
      Temps:          0       0       0       0       0
      Totals:         0       0       0       0       0
Total ram usage:        0 bytes
 Hardware stack levels used:    1
 Hardware stack levels required when called:    2
 This function calls:
		_write_char
 This function is called by:
		_main
 This function uses a non-reentrant model


 *************** function _display_day *****************
 Defined at:
		line 4 in file "Day_of_week_src.c"
 Parameters:    Size  Location     Type
  num             2    3[COMMON] int 
 Auto vars:     Size  Location     Type
		None
 Return value:  Size  Location     Type
                  1    wreg      void 
 Registers used:
		wreg, status,2, status,0, btemp+1, pclath, cstack
 Tracked objects:
		On entry : 
		On exit  : 
		Unchanged: 
 Data sizes:     COMMON   BANK0   BANK1   BANK3   BANK2
      Params:         2       0       0       0       0
      Locals:         0       0       0       0       0
      Temps:          0       0       0       0       0
      Totals:         2       0       0       0       0
Total ram usage:        2 bytes
 Hardware stack levels used:    1
 Hardware stack levels required when called:    2
 This function calls:
		_write_char
 This function is called by:
		_main
 This function uses a non-reentrant model


 *************** function _display_date *****************
 Defined at:
		line 77 in file "clock_src.c"
 Parameters:    Size  Location     Type
		None
 Auto vars:     Size  Location     Type
  i               2    5[COMMON] int 
 Return value:  Size  Location     Type
                  1    wreg      void 
 Registers used:
		wreg, status,2, status,0, btemp+1, pclath, cstack
 Tracked objects:
		On entry : 
		On exit  : 
		Unchanged: 
 Data sizes:     COMMON   BANK0   BANK1   BANK3   BANK2
      Params:         0       0       0       0       0
      Locals:         2       0       0       0       0
      Temps:          2       0       0       0       0
      Totals:         4       0       0       0       0
Total ram usage:        4 bytes
 Hardware stack levels used:    1
 Hardware stack levels required when called:    2
 This function calls:
		_write_char
 This function is called by:
		_main
 This function uses a non-reentrant model


 *************** function _display_clock *****************
 Defined at:
		line 34 in file "clock_src.c"
 Parameters:    Size  Location     Type
		None
 Auto vars:     Size  Location     Type
  i               2    5[COMMON] int 
 Return value:  Size  Location     Type
                  1    wreg      void 
 Registers used:
		wreg, status,2, status,0, btemp+1, pclath, cstack
 Tracked objects:
		On entry : 
		On exit  : 
		Unchanged: 
 Data sizes:     COMMON   BANK0   BANK1   BANK3   BANK2
      Params:         0       0       0       0       0
      Locals:         2       0       0       0       0
      Temps:          2       0       0       0       0
      Totals:         4       0       0       0       0
Total ram usage:        4 bytes
 Hardware stack levels used:    1
 Hardware stack levels required when called:    2
 This function calls:
		_write_char
 This function is called by:
		_main
 This function uses a non-reentrant model


 *************** function _date_settings *****************
 Defined at:
		line 421 in file "Button_src.c"
 Parameters:    Size  Location     Type
		None
 Auto vars:     Size  Location     Type
		None
 Return value:  Size  Location     Type
                  1    wreg      void 
 Registers used:
		wreg, fsr0l, fsr0h, status,2, status,0, btemp+1, pclath, cstack
 Tracked objects:
		On entry : 
		On exit  : 
		Unchanged: 
 Data sizes:     COMMON   BANK0   BANK1   BANK3   BANK2
      Params:         0       0       0       0       0
      Locals:         0       0       0       0       0
      Temps:          0       3       0       0       0
      Totals:         0       3       0       0       0
Total ram usage:        3 bytes
 Hardware stack levels used:    1
 Hardware stack levels required when called:    3
 This function calls:
		_button_delay
		_incrementor
		_modulus_func
		_set_time
		_time_date_delimiter
		_time_date_hex_terminator
		_write_char
		_write_cmd
 This function is called by:
		_main
 This function uses a non-reentrant model


 *************** function _write_cmd *****************
 Defined at:
		line 41 in file "LCD_src.c"
 Parameters:    Size  Location     Type
  x               1    wreg     unsigned char 
 Auto vars:     Size  Location     Type
  x               1    2[COMMON] unsigned char 
  i               2    0        int 
 Return value:  Size  Location     Type
                  1    wreg      void 
 Registers used:
		wreg, status,2, status,0, btemp+1, pclath, cstack
 Tracked objects:
		On entry : 
		On exit  : 
		Unchanged: 
 Data sizes:     COMMON   BANK0   BANK1   BANK3   BANK2
      Params:         0       0       0       0       0
      Locals:         1       0       0       0       0
      Temps:          0       0       0       0       0
      Totals:         1       0       0       0       0
Total ram usage:        1 bytes
 Hardware stack levels used:    1
 Hardware stack levels required when called:    1
 This function calls:
		_delay_screen
 This function is called by:
		_main
		_lcd_init
		_thermometer_threshhold_settings
		_time_settings
		_date_settings
 This function uses a non-reentrant model


 *************** function _time_date_hex_terminator *****************
 Defined at:
		line 87 in file "math_src.c"
 Parameters:    Size  Location     Type
  val             1    wreg     unsigned char 
  limiter         1    0[COMMON] unsigned char 
 Auto vars:     Size  Location     Type
  val             1    3[COMMON] unsigned char 
 Return value:  Size  Location     Type
                  1    wreg      unsigned char 
 Registers used:
		wreg, status,2
 Tracked objects:
		On entry : 
		On exit  : 
		Unchanged: 
 Data sizes:     COMMON   BANK0   BANK1   BANK3   BANK2
      Params:         1       0       0       0       0
      Locals:         1       0       0       0       0
      Temps:          2       0       0       0       0
      Totals:         4       0       0       0       0
Total ram usage:        4 bytes
 Hardware stack levels used:    1
 This function calls:
		Nothing
 This function is called by:
		_thermometer_threshhold_settings
		_time_settings
		_date_settings
 This function uses a non-reentrant model


 *************** function _time_date_delimiter *****************
 Defined at:
		line 28 in file "math_src.c"
 Parameters:    Size  Location     Type
  val             1    wreg     unsigned char 
  hex             1    0[COMMON] unsigned char 
  limiter         1    1[COMMON] unsigned char 
  type            2    2[COMMON] int 
 Auto vars:     Size  Location     Type
  val             1    6[COMMON] unsigned char 
 Return value:  Size  Location     Type
                  1    wreg      unsigned char 
 Registers used:
		wreg, status,2, status,0
 Tracked objects:
		On entry : 
		On exit  : 
		Unchanged: 
 Data sizes:     COMMON   BANK0   BANK1   BANK3   BANK2
      Params:         4       0       0       0       0
      Locals:         1       0       0       0       0
      Temps:          2       0       0       0       0
      Totals:         7       0       0       0       0
Total ram usage:        7 bytes
 Hardware stack levels used:    1
 This function calls:
		Nothing
 This function is called by:
		_time_settings
		_date_settings
 This function uses a non-reentrant model


 *************** function _set_time *****************
 Defined at:
		line 12 in file "clock_src.c"
 Parameters:    Size  Location     Type
		None
 Auto vars:     Size  Location     Type
  i               2    5[COMMON] int 
 Return value:  Size  Location     Type
                  1    wreg      void 
 Registers used:
		wreg, fsr0l, fsr0h, status,2, status,0, btemp+1, pclath, cstack
 Tracked objects:
		On entry : 
		On exit  : 
		Unchanged: 
 Data sizes:     COMMON   BANK0   BANK1   BANK3   BANK2
      Params:         0       0       0       0       0
      Locals:         2       0       0       0       0
      Temps:          0       0       0       0       0
      Totals:         2       0       0       0       0
Total ram usage:        2 bytes
 Hardware stack levels used:    1
 Hardware stack levels required when called:    1
 This function calls:
		_time_write_1
 This function is called by:
		_main
		_time_settings
		_date_settings
 This function uses a non-reentrant model


 *************** function _time_write_1 *****************
 Defined at:
		line 114 in file "clock_src.c"
 Parameters:    Size  Location     Type
  time_tx         1    wreg     unsigned char 
 Auto vars:     Size  Location     Type
  time_tx         1    4[COMMON] unsigned char 
  j               2    2[COMMON] int 
 Return value:  Size  Location     Type
                  1    wreg      void 
 Registers used:
		wreg, status,2, status,0, btemp+1
 Tracked objects:
		On entry : 
		On exit  : 
		Unchanged: 
 Data sizes:     COMMON   BANK0   BANK1   BANK3   BANK2
      Params:         0       0       0       0       0
      Locals:         3       0       0       0       0
      Temps:          2       0       0       0       0
      Totals:         5       0       0       0       0
Total ram usage:        5 bytes
 Hardware stack levels used:    1
 This function calls:
		Nothing
 This function is called by:
		_ds1302_init
		_set_time
		_get_time
 This function uses a non-reentrant model


 *************** function _incrementor *****************
 Defined at:
		line 10 in file "math_src.c"
 Parameters:    Size  Location     Type
  upper_val       2    0[BANK0 ] int 
  lower_val       2    2[BANK0 ] int 
  z               1    4[BANK0 ] unsigned char 
 Auto vars:     Size  Location     Type
		None
 Return value:  Size  Location     Type
                  1    wreg      unsigned char 
 Registers used:
		wreg, status,2, status,0, pclath, cstack
 Tracked objects:
		On entry : 
		On exit  : 
		Unchanged: 
 Data sizes:     COMMON   BANK0   BANK1   BANK3   BANK2
      Params:         0       5       0       0       0
      Locals:         0       0       0       0       0
      Temps:          2       0       0       0       0
      Totals:         2       5       0       0       0
Total ram usage:        7 bytes
 Hardware stack levels used:    1
 Hardware stack levels required when called:    2
 This function calls:
		_modulus_func
 This function is called by:
		_thermometer_threshhold_settings
		_time_settings
		_date_settings
 This function uses a non-reentrant model


 *************** function _modulus_func *****************
 Defined at:
		line 5 in file "math_src.c"
 Parameters:    Size  Location     Type
  x               2    7[COMMON] int 
  y               2    9[COMMON] int 
 Auto vars:     Size  Location     Type
		None
 Return value:  Size  Location     Type
                  2    7[COMMON] int 
 Registers used:
		wreg, status,2, status,0, pclath, cstack
 Tracked objects:
		On entry : 
		On exit  : 
		Unchanged: 
 Data sizes:     COMMON   BANK0   BANK1   BANK3   BANK2
      Params:         4       0       0       0       0
      Locals:         0       0       0       0       0
      Temps:          0       0       0       0       0
      Totals:         4       0       0       0       0
Total ram usage:        4 bytes
 Hardware stack levels used:    1
 Hardware stack levels required when called:    1
 This function calls:
		___awmod
 This function is called by:
		_main
		_thermometer_threshhold_settings
		_time_settings
		_date_settings
		_incrementor
 This function uses a non-reentrant model


 *************** function ___awmod *****************
 Defined at:
		line 5 in file "C:\Program Files (x86)\Microchip\xc8\v2.10\pic\sources\c90\common\awmod.c"
 Parameters:    Size  Location     Type
  divisor         2    0[COMMON] int 
  dividend        2    2[COMMON] int 
 Auto vars:     Size  Location     Type
  sign            1    6[COMMON] unsigned char 
  counter         1    5[COMMON] unsigned char 
 Return value:  Size  Location     Type
                  2    0[COMMON] int 
 Registers used:
		wreg, status,2, status,0
 Tracked objects:
		On entry : 
		On exit  : 
		Unchanged: 
 Data sizes:     COMMON   BANK0   BANK1   BANK3   BANK2
      Params:         4       0       0       0       0
      Locals:         2       0       0       0       0
      Temps:          1       0       0       0       0
      Totals:         7       0       0       0       0
Total ram usage:        7 bytes
 Hardware stack levels used:    1
 This function calls:
		Nothing
 This function is called by:
		_modulus_func
 This function uses a non-reentrant model


 *************** function _button_delay *****************
 Defined at:
		line 661 in file "Button_src.c"
 Parameters:    Size  Location     Type
		None
 Auto vars:     Size  Location     Type
  i               2    0[COMMON] int 
 Return value:  Size  Location     Type
                  1    wreg      void 
 Registers used:
		wreg, status,2, btemp+1
 Tracked objects:
		On entry : 
		On exit  : 
		Unchanged: 
 Data sizes:     COMMON   BANK0   BANK1   BANK3   BANK2
      Params:         0       0       0       0       0
      Locals:         2       0       0       0       0
      Temps:          0       0       0       0       0
      Totals:         2       0       0       0       0
Total ram usage:        2 bytes
 Hardware stack levels used:    1
 This function calls:
		Nothing
 This function is called by:
		_set_beep_threshhold
		_thermometer_threshhold_settings
		_time_settings
		_date_settings
 This function uses a non-reentrant model


 *************** function _cold_threshold *****************
 Defined at:
		line 22 in file "threshold_src.c"
 Parameters:    Size  Location     Type
  upper_val       2    3[COMMON] int 
  lower_val       2    5[COMMON] int 
 Auto vars:     Size  Location     Type
		None
 Return value:  Size  Location     Type
                  1    wreg      unsigned char 
 Registers used:
		wreg, status,2, status,0, btemp+1, pclath, cstack
 Tracked objects:
		On entry : 
		On exit  : 
		Unchanged: 
 Data sizes:     COMMON   BANK0   BANK1   BANK3   BANK2
      Params:         4       0       0       0       0
      Locals:         0       0       0       0       0
      Temps:          1       0       0       0       0
      Totals:         5       0       0       0       0
Total ram usage:        5 bytes
 Hardware stack levels used:    1
 Hardware stack levels required when called:    2
 This function calls:
		_write_char
 This function is called by:
		_main
 This function uses a non-reentrant model


 *************** function _write_char *****************
 Defined at:
		line 28 in file "LCD_src.c"
 Parameters:    Size  Location     Type
  x               1    wreg     unsigned char 
 Auto vars:     Size  Location     Type
  x               1    2[COMMON] unsigned char 
  i               2    0        int 
 Return value:  Size  Location     Type
                  1    wreg      void 
 Registers used:
		wreg, status,2, status,0, btemp+1, pclath, cstack
 Tracked objects:
		On entry : 
		On exit  : 
		Unchanged: 
 Data sizes:     COMMON   BANK0   BANK1   BANK3   BANK2
      Params:         0       0       0       0       0
      Locals:         1       0       0       0       0
      Temps:          0       0       0       0       0
      Totals:         1       0       0       0       0
Total ram usage:        1 bytes
 Hardware stack levels used:    1
 Hardware stack levels required when called:    1
 This function calls:
		_delay_screen
 This function is called by:
		_main
		_display_temp
		_display_clock
		_display_date
		_thermometer_threshhold_settings
		_time_settings
		_date_settings
		_set_upper_threshold
		_cold_threshold
		_set_lower_threshold
		_reset_alarm
		_display_day
 This function uses a non-reentrant model


 *************** function _delay_screen *****************
 Defined at:
		line 70 in file "LCD_src.c"
 Parameters:    Size  Location     Type
		None
 Auto vars:     Size  Location     Type
  i               2    0[COMMON] int 
 Return value:  Size  Location     Type
                  1    wreg      void 
 Registers used:
		wreg, status,2, btemp+1
 Tracked objects:
		On entry : 
		On exit  : 
		Unchanged: 
 Data sizes:     COMMON   BANK0   BANK1   BANK3   BANK2
      Params:         0       0       0       0       0
      Locals:         2       0       0       0       0
      Temps:          0       0       0       0       0
      Totals:         2       0       0       0       0
Total ram usage:        2 bytes
 Hardware stack levels used:    1
 This function calls:
		Nothing
 This function is called by:
		_lcd_init
		_write_char
		_write_cmd
 This function uses a non-reentrant model



MODULE INFORMATION

Module		Function		Class		Link	Load	Size
threshold_src.c
		_set_lower_threshold		CODE           	1686	0000	69
		_set_upper_threshold		CODE           	083C	0000	85
		_reset_alarm   		CODE           	155A	0000	45
		_cold_threshold		CODE           	1715	0000	79

threshold_src.c estimated size: 278

C:\Program Files (x86)\Microchip\xc8\v2.10\pic\sources\c90\common\lwdiv.c
		___lwdiv       		CODE           	0800	0000	61

C:\Program Files (x86)\Microchip\xc8\v2.10\pic\sources\c90\common\lwdiv.c estimated size: 61

Thermometer_src.c
		_get_temp      		CODE           	0935	0000	264
		_display_temp  		CODE           	1434	0000	34
		_delay2        		CODE           	13C1	0000	21
		_read_byte     		CODE           	15E8	0000	53
		_reset_temp    		CODE           	161C	0000	53
		_delay_temp    		CODE           	134C	0000	15
		_write_byte    		CODE           	1650	0000	55
		_init_temp     		CODE           	1337	0000	6

Thermometer_src.c estimated size: 501

buzzer_src.c
		_set_beep_threshhold		CODE           	1417	0000	30

buzzer_src.c estimated size: 30

C:\Program Files (x86)\Microchip\xc8\v2.10\pic\sources\c90\common\lbmod.c
		___lbmod       		CODE           	1476	0000	36

C:\Program Files (x86)\Microchip\xc8\v2.10\pic\sources\c90\common\lbmod.c estimated size: 36

math_src.c
		_incrementor   		CODE           	14BC	0000	37
		_time_date_hex_terminator		CODE           	135A	0000	16
		_time_date_delimiter		CODE           	0A3C	0000	344
		_modulus_func  		CODE           	1378	0000	17

math_src.c estimated size: 414

clock_src.c
		_time_read_1   		CODE           	1586	0000	49
		_display_date  		CODE           	1763	0000	158
		_display_clock 		CODE           	0890	0000	166
		_get_time      		CODE           	152E	0000	45
		_set_time      		CODE           	1506	0000	41
		_time_write_1  		CODE           	14E0	0000	39
		_ds1302_init   		CODE           	1369	0000	16

clock_src.c estimated size: 514

Button_src.c
		_thermometer_threshhold_settings		CODE           	0D7F	0000	642
		_date_settings 		CODE           	0385	0000	1116
		_time_settings 		CODE           	0086	0000	768
		_initialise_buttons		CODE           	13D5	0000	21
		_button_delay  		CODE           	13AD	0000	21

Button_src.c estimated size: 2568

LCD_src.c
		_init          		CODE           	133C	0000	9
		_write_cmd     		CODE           	1400	0000	24
		_write_char    		CODE           	13E9	0000	24
		_lcd_init      		CODE           	1499	0000	36
		_delay_screen  		CODE           	1399	0000	21

LCD_src.c estimated size: 114

C:\Program Files (x86)\Microchip\xc8\v2.10\pic\sources\c90\common\lbdiv.c
		___lbdiv       		CODE           	1455	0000	34

C:\Program Files (x86)\Microchip\xc8\v2.10\pic\sources\c90\common\lbdiv.c estimated size: 34

shared
		__initialization		CODE           	07E0	0000	29

shared estimated size: 29

Day_of_week_src.c
		_display_day   		CODE           	000D	0000	122

Day_of_week_src.c estimated size: 122

C:\Program Files (x86)\Microchip\xc8\v2.10\pic\sources\c90\common\lwmod.c
		___lwmod       		CODE           	15B6	0000	51

C:\Program Files (x86)\Microchip\xc8\v2.10\pic\sources\c90\common\lwmod.c estimated size: 51

mainLogic.c
		_main          		CODE           	0B93	0000	493

mainLogic.c estimated size: 493

C:\Program Files (x86)\Microchip\xc8\v2.10\pic\sources\c90\common\awmod.c
		___awmod       		CODE           	16CA	0000	76

C:\Program Files (x86)\Microchip\xc8\v2.10\pic\sources\c90\common\awmod.c estimated size: 76

